<html>
<body>
<pre>
<h1>µVision Build Log</h1>
<h2>Tool Versions:</h2>
IDE-Version: ¦ÌVision V5.32.0.0
Copyright (C) 2020 ARM Ltd and ARM Germany GmbH. All rights reserved.
License Information: gf Kiacute, fg, LIC=UJWP0-BW4RJ-63NMB-20GJY-M53IU-T0T4J
 
Tool Versions:
Toolchain:       MDK-ARM Plus  Version: 5.32.0.0
Toolchain Path:  D:\Keil\ARM\ARMCC\Bin
C Compiler:      Armcc.exe V5.06 update 7 (build 960)
Assembler:       Armasm.exe V5.06 update 7 (build 960)
Linker/Locator:  ArmLink.exe V5.06 update 7 (build 960)
Library Manager: ArmAr.exe V5.06 update 7 (build 960)
Hex Converter:   FromElf.exe V5.06 update 7 (build 960)
CPU DLL:         SARMCM3.DLL V5.32.0.0
Dialog DLL:      DCM.DLL V1.17.3.0
Target DLL:      STLink\ST-LINKIII-KEIL_SWO.dll V3.0.8.0
Dialog DLL:      TCM.DLL V1.46.0.0
 
<h2>Project:</h2>
D:\STM32\Motor\PMSM_Control\Project\PMSM_Control\MDK-ARM\PMSM_Control.uvprojx
Project File Date:  03/23/2026

<h2>Output:</h2>
*** Using Compiler 'V5.06 update 7 (build 960)', folder: 'D:\Keil\ARM\ARMCC\Bin'
Build target 'PMSM_Control'
compiling Observer.c...
../Drivers/CMSIS/Device/ST/STM32G4xx/Include/stm32g431xx.h(51): warning:  #47-D: incompatible redefinition of macro "__FPU_PRESENT" 
  #define __FPU_PRESENT             1U       /*!< FPU present                                   */
..\Current_Loop\Src\Observer.c(111): warning:  #186-D: pointless comparison of unsigned integer with zero
      if (Encode_ABZ.value < 0)
..\Current_Loop\Src\Observer.c(155): warning:  #1035-D: single-precision operand implicitly converted to double-precision
          Encode_ABZ.rpm = Encode_ABZ.rpm_last *0.7 + 0.3 * (float32_t)(Encode_ABZ.counter) * 60.0f / 
..\Current_Loop\Src\Observer.c(155): warning:  #1035-D: single-precision operand implicitly converted to double-precision
          Encode_ABZ.rpm = Encode_ABZ.rpm_last *0.7 + 0.3 * (float32_t)(Encode_ABZ.counter) * 60.0f / 
..\Current_Loop\Src\Observer.c: 4 warnings, 0 errors
linking...
Program Size: Code=39568 RO-data=2812 RW-data=1096 ZI-data=9640  
FromELF: creating hex file...
"PMSM_Control\PMSM_Control.axf" - 0 Error(s), 4 Warning(s).

<h2>Software Packages used:</h2>

Package Vendor: ARM
                http://www.keil.com/pack/ARM.CMSIS.5.7.0.pack
                ARM.CMSIS.5.7.0
                CMSIS (Cortex Microcontroller Software Interface Standard)
   * Component: CORE Version: 5.4.0

Package Vendor: Keil
                https://www.keil.com/pack/Keil.STM32G4xx_DFP.2.1.0.pack
                Keil.STM32G4xx_DFP.2.1.0
                STMicroelectronics STM32G4 Series Device Support

<h2>Collection of Component include folders:</h2>
  .\RTE\_PMSM_Control
  D:\Keil\ARM\CMSIS\5.7.0\CMSIS\Core\Include

<h2>Collection of Component Files used:</h2>

   * Component: ARM::CMSIS:CORE:5.4.0
      Include file:  CMSIS\Core\Include\tz_context.h
Build Time Elapsed:  00:00:02
</pre>
</body>
</html>
