Component: ARM Compiler 5.06 update 7 (build 960) Tool: armlink [4d3601]

==============================================================================

Section Cross References

    startup_stm32g431xx.o(STACK) refers (Special) to heapauxi.o(.text) for __use_two_region_memory
    startup_stm32g431xx.o(HEAP) refers (Special) to heapauxi.o(.text) for __use_two_region_memory
    startup_stm32g431xx.o(RESET) refers (Special) to heapauxi.o(.text) for __use_two_region_memory
    startup_stm32g431xx.o(RESET) refers to startup_stm32g431xx.o(STACK) for __initial_sp
    startup_stm32g431xx.o(RESET) refers to startup_stm32g431xx.o(.text) for Reset_Handler
    startup_stm32g431xx.o(RESET) refers to stm32g4xx_it.o(i.NMI_Handler) for NMI_Handler
    startup_stm32g431xx.o(RESET) refers to stm32g4xx_it.o(i.HardFault_Handler) for HardFault_Handler
    startup_stm32g431xx.o(RESET) refers to stm32g4xx_it.o(i.MemManage_Handler) for MemManage_Handler
    startup_stm32g431xx.o(RESET) refers to stm32g4xx_it.o(i.BusFault_Handler) for BusFault_Handler
    startup_stm32g431xx.o(RESET) refers to stm32g4xx_it.o(i.UsageFault_Handler) for UsageFault_Handler
    startup_stm32g431xx.o(RESET) refers to port.o(.emb_text) for SVC_Handler
    startup_stm32g431xx.o(RESET) refers to stm32g4xx_it.o(i.DebugMon_Handler) for DebugMon_Handler
    startup_stm32g431xx.o(RESET) refers to cmsis_os2.o(i.SysTick_Handler) for SysTick_Handler
    startup_stm32g431xx.o(RESET) refers to stm32g4xx_it.o(i.DMA1_Channel1_IRQHandler) for DMA1_Channel1_IRQHandler
    startup_stm32g431xx.o(RESET) refers to stm32g4xx_it.o(i.DMA1_Channel2_IRQHandler) for DMA1_Channel2_IRQHandler
    startup_stm32g431xx.o(RESET) refers to stm32g4xx_it.o(i.ADC1_2_IRQHandler) for ADC1_2_IRQHandler
    startup_stm32g431xx.o(RESET) refers to stm32g4xx_it.o(i.FDCAN1_IT0_IRQHandler) for FDCAN1_IT0_IRQHandler
    startup_stm32g431xx.o(RESET) refers to stm32g4xx_it.o(i.FDCAN1_IT1_IRQHandler) for FDCAN1_IT1_IRQHandler
    startup_stm32g431xx.o(RESET) refers to stm32g4xx_it.o(i.EXTI9_5_IRQHandler) for EXTI9_5_IRQHandler
    startup_stm32g431xx.o(RESET) refers to stm32g4xx_it.o(i.TIM1_BRK_TIM15_IRQHandler) for TIM1_BRK_TIM15_IRQHandler
    startup_stm32g431xx.o(RESET) refers to stm32g4xx_it.o(i.TIM1_UP_TIM16_IRQHandler) for TIM1_UP_TIM16_IRQHandler
    startup_stm32g431xx.o(RESET) refers to stm32g4xx_it.o(i.TIM1_TRG_COM_TIM17_IRQHandler) for TIM1_TRG_COM_TIM17_IRQHandler
    startup_stm32g431xx.o(RESET) refers to stm32g4xx_it.o(i.USART3_IRQHandler) for USART3_IRQHandler
    startup_stm32g431xx.o(RESET) refers to stm32g4xx_it.o(i.EXTI15_10_IRQHandler) for EXTI15_10_IRQHandler
    startup_stm32g431xx.o(.text) refers (Special) to heapauxi.o(.text) for __use_two_region_memory
    startup_stm32g431xx.o(.text) refers to system_stm32g4xx.o(i.SystemInit) for SystemInit
    startup_stm32g431xx.o(.text) refers to __main.o(!!!main) for __main
    startup_stm32g431xx.o(.text) refers to startup_stm32g431xx.o(HEAP) for Heap_Mem
    startup_stm32g431xx.o(.text) refers to startup_stm32g431xx.o(STACK) for Stack_Mem
    main.o(i.HAL_TIM_PeriodElapsedCallback) refers to stm32g4xx_hal.o(i.HAL_IncTick) for HAL_IncTick
    main.o(i.HAL_TIM_PeriodElapsedCallback) refers to main.o(.data) for .data
    main.o(i.SystemClock_Config) refers to rt_memclr_w.o(.text) for __aeabi_memclr4
    main.o(i.SystemClock_Config) refers to stm32g4xx_hal_pwr_ex.o(i.HAL_PWREx_ControlVoltageScaling) for HAL_PWREx_ControlVoltageScaling
    main.o(i.SystemClock_Config) refers to stm32g4xx_hal_rcc.o(i.HAL_RCC_OscConfig) for HAL_RCC_OscConfig
    main.o(i.SystemClock_Config) refers to stm32g4xx_hal_rcc.o(i.HAL_RCC_ClockConfig) for HAL_RCC_ClockConfig
    main.o(i.main) refers to stm32g4xx_hal.o(i.HAL_Init) for HAL_Init
    main.o(i.main) refers to main.o(i.SystemClock_Config) for SystemClock_Config
    main.o(i.main) refers to gpio.o(i.MX_GPIO_Init) for MX_GPIO_Init
    main.o(i.main) refers to dma.o(i.MX_DMA_Init) for MX_DMA_Init
    main.o(i.main) refers to usart.o(i.MX_USART3_UART_Init) for MX_USART3_UART_Init
    main.o(i.main) refers to fdcan.o(i.MX_FDCAN1_Init) for MX_FDCAN1_Init
    main.o(i.main) refers to tim.o(i.MX_TIM16_Init) for MX_TIM16_Init
    main.o(i.main) refers to adc.o(i.MX_ADC1_Init) for MX_ADC1_Init
    main.o(i.main) refers to adc.o(i.MX_ADC2_Init) for MX_ADC2_Init
    main.o(i.main) refers to opamp.o(i.MX_OPAMP1_Init) for MX_OPAMP1_Init
    main.o(i.main) refers to opamp.o(i.MX_OPAMP2_Init) for MX_OPAMP2_Init
    main.o(i.main) refers to opamp.o(i.MX_OPAMP3_Init) for MX_OPAMP3_Init
    main.o(i.main) refers to tim.o(i.MX_TIM1_Init) for MX_TIM1_Init
    main.o(i.main) refers to tim.o(i.MX_TIM4_Init) for MX_TIM4_Init
    main.o(i.main) refers to stm32g4xx_hal_tim.o(i.HAL_TIM_Base_Start) for HAL_TIM_Base_Start
    main.o(i.main) refers to cmsis_os2.o(i.osKernelInitialize) for osKernelInitialize
    main.o(i.main) refers to app_freertos.o(i.MX_FREERTOS_Init) for MX_FREERTOS_Init
[...]
    HAL_ADC_LevelOutOfWindowCallback         0x080025d9   Thumb Code     2  stm32g4xx_hal_adc.o(i.HAL_ADC_LevelOutOfWindowCallback)
    HAL_ADC_MspInit                          0x080025dd   Thumb Code   258  adc.o(i.HAL_ADC_MspInit)
    HAL_ADC_PollForConversion                0x080026f1   Thumb Code   242  stm32g4xx_hal_adc.o(i.HAL_ADC_PollForConversion)
    HAL_ADC_Start                            0x080027ed   Thumb Code   230  stm32g4xx_hal_adc.o(i.HAL_ADC_Start)
    HAL_DMA_Abort                            0x080028e1   Thumb Code   106  stm32g4xx_hal_dma.o(i.HAL_DMA_Abort)
    HAL_DMA_Abort_IT                         0x0800294b   Thumb Code   120  stm32g4xx_hal_dma.o(i.HAL_DMA_Abort_IT)
    HAL_DMA_IRQHandler                       0x080029c3   Thumb Code   186  stm32g4xx_hal_dma.o(i.HAL_DMA_IRQHandler)
    HAL_DMA_Init                             0x08002a7d   Thumb Code   178  stm32g4xx_hal_dma.o(i.HAL_DMA_Init)
    HAL_DMA_Start_IT                         0x08002b3d   Thumb Code   140  stm32g4xx_hal_dma.o(i.HAL_DMA_Start_IT)
    HAL_Delay                                0x08002bc9   Thumb Code    32  stm32g4xx_hal.o(i.HAL_Delay)
    HAL_FDCAN_ActivateNotification           0x08002bed   Thumb Code   224  stm32g4xx_hal_fdcan.o(i.HAL_FDCAN_ActivateNotification)
    HAL_FDCAN_AddMessageToTxFifoQ            0x08002ccd   Thumb Code    74  stm32g4xx_hal_fdcan.o(i.HAL_FDCAN_AddMessageToTxFifoQ)
    HAL_FDCAN_ConfigFilter                   0x08002d17   Thumb Code    92  stm32g4xx_hal_fdcan.o(i.HAL_FDCAN_ConfigFilter)
    HAL_FDCAN_ErrorCallback                  0x08002d73   Thumb Code     2  stm32g4xx_hal_fdcan.o(i.HAL_FDCAN_ErrorCallback)
    HAL_FDCAN_ErrorStatusCallback            0x08002d75   Thumb Code     2  stm32g4xx_hal_fdcan.o(i.HAL_FDCAN_ErrorStatusCallback)
    HAL_FDCAN_GetRxFifoFillLevel             0x08002d79   Thumb Code    24  stm32g4xx_hal_fdcan.o(i.HAL_FDCAN_GetRxFifoFillLevel)
    HAL_FDCAN_GetRxMessage                   0x08002d91   Thumb Code   270  stm32g4xx_hal_fdcan.o(i.HAL_FDCAN_GetRxMessage)
    HAL_FDCAN_HighPriorityMessageCallback    0x08002ea5   Thumb Code     2  stm32g4xx_hal_fdcan.o(i.HAL_FDCAN_HighPriorityMessageCallback)
    HAL_FDCAN_IRQHandler                     0x08002ea7   Thumb Code   356  stm32g4xx_hal_fdcan.o(i.HAL_FDCAN_IRQHandler)
    HAL_FDCAN_Init                           0x0800300d   Thumb Code   498  stm32g4xx_hal_fdcan.o(i.HAL_FDCAN_Init)
    HAL_FDCAN_MspInit                        0x08003211   Thumb Code   148  fdcan.o(i.HAL_FDCAN_MspInit)
    HAL_FDCAN_RxFifo0Callback                0x080032ad   Thumb Code    76  can.o(i.HAL_FDCAN_RxFifo0Callback)
    HAL_FDCAN_RxFifo1Callback                0x08003305   Thumb Code     2  stm32g4xx_hal_fdcan.o(i.HAL_FDCAN_RxFifo1Callback)
    HAL_FDCAN_Start                          0x08003307   Thumb Code    44  stm32g4xx_hal_fdcan.o(i.HAL_FDCAN_Start)
    HAL_FDCAN_TimeoutOccurredCallback        0x08003333   Thumb Code     2  stm32g4xx_hal_fdcan.o(i.HAL_FDCAN_TimeoutOccurredCallback)
    HAL_FDCAN_TimestampWraparoundCallback    0x08003335   Thumb Code     2  stm32g4xx_hal_fdcan.o(i.HAL_FDCAN_TimestampWraparoundCallback)
    HAL_FDCAN_TxBufferAbortCallback          0x08003337   Thumb Code     2  stm32g4xx_hal_fdcan.o(i.HAL_FDCAN_TxBufferAbortCallback)
    HAL_FDCAN_TxBufferCompleteCallback       0x08003339   Thumb Code     2  stm32g4xx_hal_fdcan.o(i.HAL_FDCAN_TxBufferCompleteCallback)
    HAL_FDCAN_TxEventFifoCallback            0x0800333b   Thumb Code     2  stm32g4xx_hal_fdcan.o(i.HAL_FDCAN_TxEventFifoCallback)
    HAL_FDCAN_TxFifoEmptyCallback            0x0800333d   Thumb Code     2  stm32g4xx_hal_fdcan.o(i.HAL_FDCAN_TxFifoEmptyCallback)
    HAL_GPIO_EXTI_Callback                   0x08003341   Thumb Code    90  button_led.o(i.HAL_GPIO_EXTI_Callback)
    HAL_GPIO_EXTI_IRQHandler                 0x080033ad   Thumb Code    18  stm32g4xx_hal_gpio.o(i.HAL_GPIO_EXTI_IRQHandler)
    HAL_GPIO_Init                            0x080033c5   Thumb Code   550  stm32g4xx_hal_gpio.o(i.HAL_GPIO_Init)
    HAL_GetTick                              0x0800360d   Thumb Code     6  stm32g4xx_hal.o(i.HAL_GetTick)
    HAL_IncTick                              0x08003619   Thumb Code    12  stm32g4xx_hal.o(i.HAL_IncTick)
    HAL_Init                                 0x08003629   Thumb Code    30  stm32g4xx_hal.o(i.HAL_Init)
    HAL_InitTick                             0x08003649   Thumb Code   116  stm32g4xx_hal_timebase_tim.o(i.HAL_InitTick)
    HAL_MspInit                              0x080036d1   Thumb Code    54  stm32g4xx_hal_msp.o(i.HAL_MspInit)
    HAL_NVIC_EnableIRQ                       0x0800370d   Thumb Code    26  stm32g4xx_hal_cortex.o(i.HAL_NVIC_EnableIRQ)
    HAL_NVIC_SetPriority                     0x08003729   Thumb Code    60  stm32g4xx_hal_cortex.o(i.HAL_NVIC_SetPriority)
    HAL_NVIC_SetPriorityGrouping             0x08003769   Thumb Code    26  stm32g4xx_hal_cortex.o(i.HAL_NVIC_SetPriorityGrouping)
    HAL_OPAMP_Init                           0x0800378d   Thumb Code   236  stm32g4xx_hal_opamp.o(i.HAL_OPAMP_Init)
    HAL_OPAMP_MspInit                        0x08003881   Thumb Code   134  opamp.o(i.HAL_OPAMP_MspInit)
    HAL_OPAMP_Start                          0x08003915   Thumb Code    44  stm32g4xx_hal_opamp.o(i.HAL_OPAMP_Start)
    HAL_PWREx_ControlVoltageScaling          0x08003941   Thumb Code   174  stm32g4xx_hal_pwr_ex.o(i.HAL_PWREx_ControlVoltageScaling)
    HAL_PWREx_DisableUCPDDeadBattery         0x080039fd   Thumb Code    12  stm32g4xx_hal_pwr_ex.o(i.HAL_PWREx_DisableUCPDDeadBattery)
    HAL_RCCEx_PeriphCLKConfig                0x08003a0d   Thumb Code   638  stm32g4xx_hal_rcc_ex.o(i.HAL_RCCEx_PeriphCLKConfig)
    HAL_RCC_ClockConfig                      0x08003c95   Thumb Code   444  stm32g4xx_hal_rcc.o(i.HAL_RCC_ClockConfig)
    HAL_RCC_GetClockConfig                   0x08003e71   Thumb Code    54  stm32g4xx_hal_rcc.o(i.HAL_RCC_GetClockConfig)
    HAL_RCC_GetPCLK1Freq                     0x08003eb1   Thumb Code    24  stm32g4xx_hal_rcc.o(i.HAL_RCC_GetPCLK1Freq)
    HAL_RCC_GetPCLK2Freq                     0x08003ed5   Thumb Code    24  stm32g4xx_hal_rcc.o(i.HAL_RCC_GetPCLK2Freq)
    HAL_RCC_GetSysClockFreq                  0x08003ef9   Thumb Code    98  stm32g4xx_hal_rcc.o(i.HAL_RCC_GetSysClockFreq)
    HAL_RCC_OscConfig                        0x08003f65   Thumb Code  1028  stm32g4xx_hal_rcc.o(i.HAL_RCC_OscConfig)
    HAL_TIMEx_Break2Callback                 0x08004369   Thumb Code     2  stm32g4xx_hal_tim_ex.o(i.HAL_TIMEx_Break2Callback)
    HAL_TIMEx_BreakCallback                  0x0800436b   Thumb Code     2  stm32g4xx_hal_tim_ex.o(i.HAL_TIMEx_BreakCallback)
    HAL_TIMEx_CommutCallback                 0x0800436d   Thumb Code     2  stm32g4xx_hal_tim_ex.o(i.HAL_TIMEx_CommutCallback)
    HAL_TIMEx_ConfigBreakDeadTime            0x08004371   Thumb Code   148  stm32g4xx_hal_tim_ex.o(i.HAL_TIMEx_ConfigBreakDeadTime)
    HAL_TIMEx_DirectionChangeCallback        0x0800440d   Thumb Code     2  stm32g4xx_hal_tim_ex.o(i.HAL_TIMEx_DirectionChangeCallback)
    HAL_TIMEx_EncoderIndexCallback           0x0800440f   Thumb Code     2  stm32g4xx_hal_tim_ex.o(i.HAL_TIMEx_EncoderIndexCallback)
    HAL_TIMEx_IndexErrorCallback             0x08004411   Thumb Code     2  stm32g4xx_hal_tim_ex.o(i.HAL_TIMEx_IndexErrorCallback)
    HAL_TIMEx_MasterConfigSynchronization    0x08004415   Thumb Code   132  stm32g4xx_hal_tim_ex.o(i.HAL_TIMEx_MasterConfigSynchronization)
    HAL_TIMEx_PWMN_Start                     0x080044b1   Thumb Code   158  stm32g4xx_hal_tim_ex.o(i.HAL_TIMEx_PWMN_Start)
    HAL_TIMEx_PWMN_Stop                      0x08004569   Thumb Code   104  stm32g4xx_hal_tim_ex.o(i.HAL_TIMEx_PWMN_Stop)
    HAL_TIMEx_TransitionErrorCallback        0x080045d1   Thumb Code     2  stm32g4xx_hal_tim_ex.o(i.HAL_TIMEx_TransitionErrorCallback)
    HAL_TIM_Base_Init                        0x080045d3   Thumb Code    98  stm32g4xx_hal_tim.o(i.HAL_TIM_Base_Init)
    HAL_TIM_Base_MspInit                     0x08004635   Thumb Code   118  tim.o(i.HAL_TIM_Base_MspInit)
    HAL_TIM_Base_Start                       0x080046b9   Thumb Code    84  stm32g4xx_hal_tim.o(i.HAL_TIM_Base_Start)
    HAL_TIM_Base_Start_IT                    0x08004725   Thumb Code    94  stm32g4xx_hal_tim.o(i.HAL_TIM_Base_Start_IT)
    HAL_TIM_ConfigClockSource                0x0800479d   Thumb Code   246  stm32g4xx_hal_tim.o(i.HAL_TIM_ConfigClockSource)
    HAL_TIM_Encoder_Init                     0x0800489d   Thumb Code   162  stm32g4xx_hal_tim.o(i.HAL_TIM_Encoder_Init)
    HAL_TIM_Encoder_MspInit                  0x08004945   Thumb Code    84  tim.o(i.HAL_TIM_Encoder_MspInit)
    HAL_TIM_Encoder_Start                    0x080049a5   Thumb Code   142  stm32g4xx_hal_tim.o(i.HAL_TIM_Encoder_Start)
    HAL_TIM_IC_CaptureCallback               0x08004a33   Thumb Code     2  stm32g4xx_hal_tim.o(i.HAL_TIM_IC_CaptureCallback)
    HAL_TIM_IRQHandler                       0x08004a35   Thumb Code   418  stm32g4xx_hal_tim.o(i.HAL_TIM_IRQHandler)
    HAL_TIM_MspPostInit                      0x08004bd9   Thumb Code   136  tim.o(i.HAL_TIM_MspPostInit)
    HAL_TIM_OC_DelayElapsedCallback          0x08004c6d   Thumb Code     2  stm32g4xx_hal_tim.o(i.HAL_TIM_OC_DelayElapsedCallback)
    HAL_TIM_PWM_ConfigChannel                0x08004c6f   Thumb Code   292  stm32g4xx_hal_tim.o(i.HAL_TIM_PWM_ConfigChannel)
    HAL_TIM_PWM_Init                         0x08004d93   Thumb Code    98  stm32g4xx_hal_tim.o(i.HAL_TIM_PWM_Init)
    HAL_TIM_PWM_MspInit                      0x08004df5   Thumb Code     2  stm32g4xx_hal_tim.o(i.HAL_TIM_PWM_MspInit)
    HAL_TIM_PWM_PulseFinishedCallback        0x08004df7   Thumb Code     2  stm32g4xx_hal_tim.o(i.HAL_TIM_PWM_PulseFinishedCallback)
    HAL_TIM_PWM_Start                        0x08004df9   Thumb Code   218  stm32g4xx_hal_tim.o(i.HAL_TIM_PWM_Start)
    HAL_TIM_PWM_Stop                         0x08004ef5   Thumb Code   152  stm32g4xx_hal_tim.o(i.HAL_TIM_PWM_Stop)
    HAL_TIM_PeriodElapsedCallback            0x08004fa1   Thumb Code    34  main.o(i.HAL_TIM_PeriodElapsedCallback)
    HAL_TIM_TriggerCallback                  0x08004fd1   Thumb Code     2  stm32g4xx_hal_tim.o(i.HAL_TIM_TriggerCallback)
    HAL_UARTEx_DisableFifoMode               0x08004fd3   Thumb Code    62  stm32g4xx_hal_uart_ex.o(i.HAL_UARTEx_DisableFifoMode)
    HAL_UARTEx_RxEventCallback               0x08005011   Thumb Code     2  stm32g4xx_hal_uart.o(i.HAL_UARTEx_RxEventCallback)
    HAL_UARTEx_RxFifoFullCallback            0x08005013   Thumb Code     2  stm32g4xx_hal_uart_ex.o(i.HAL_UARTEx_RxFifoFullCallback)
    HAL_UARTEx_SetRxFifoThreshold            0x08005015   Thumb Code    76  stm32g4xx_hal_uart_ex.o(i.HAL_UARTEx_SetRxFifoThreshold)
    HAL_UARTEx_SetTxFifoThreshold            0x08005061   Thumb Code    76  stm32g4xx_hal_uart_ex.o(i.HAL_UARTEx_SetTxFifoThreshold)
    HAL_UARTEx_TxFifoEmptyCallback           0x080050ad   Thumb Code     2  stm32g4xx_hal_uart_ex.o(i.HAL_UARTEx_TxFifoEmptyCallback)
    HAL_UARTEx_WakeupCallback                0x080050af   Thumb Code     2  stm32g4xx_hal_uart_ex.o(i.HAL_UARTEx_WakeupCallback)
    HAL_UART_ErrorCallback                   0x080050b1   Thumb Code     2  stm32g4xx_hal_uart.o(i.HAL_UART_ErrorCallback)
    HAL_UART_IRQHandler                      0x080050b5   Thumb Code   782  stm32g4xx_hal_uart.o(i.HAL_UART_IRQHandler)
    HAL_UART_Init                            0x080053d1   Thumb Code   106  stm32g4xx_hal_uart.o(i.HAL_UART_Init)
    HAL_UART_MspInit                         0x0800543d   Thumb Code   222  usart.o(i.HAL_UART_MspInit)
    HAL_UART_Transmit_DMA                    0x08005531   Thumb Code   132  stm32g4xx_hal_uart.o(i.HAL_UART_Transmit_DMA)
    HAL_UART_TxCpltCallback                  0x080055c1   Thumb Code     2  stm32g4xx_hal_uart.o(i.HAL_UART_TxCpltCallback)
    HAL_UART_TxHalfCpltCallback              0x080055c3   Thumb Code     2  stm32g4xx_hal_uart.o(i.HAL_UART_TxHalfCpltCallback)
    HFSWInjection_Init                       0x080055c5   Thumb Code    48  observer.o(i.HFSWInjection_Init)
    Hal_PI_f32                               0x0800560d   Thumb Code   100  hal_math.o(i.Hal_PI_f32)
    HardFault_Handler                        0x08005671   Thumb Code     2  stm32g4xx_it.o(i.HardFault_Handler)
    Hysteresis_Comp_Init                     0x08005673   Thumb Code    24  hal_math.o(i.Hysteresis_Comp_Init)
    Hysteresis_Comp_Process                  0x0800568b   Thumb Code    88  hal_math.o(i.Hysteresis_Comp_Process)
    Limit_2PI                                0x08005789   Thumb Code    40  hal_math.o(i.Limit_2PI)
    Lookup_Table_Linear                      0x080057bd   Thumb Code   136  hal_math.o(i.Lookup_Table_Linear)
    MOTOR_IDLE_TASK                          0x08005845   Thumb Code    46  current_task.o(i.MOTOR_IDLE_TASK)
    MOTOR_OFFSET_CHECK_TASK                  0x08005885   Thumb Code    78  current_task.o(i.MOTOR_OFFSET_CHECK_TASK)
    MOTOR_READY_TASK                         0x080058dd   Thumb Code    44  current_task.o(i.MOTOR_READY_TASK)
    MOTOR_RUN_TASK                           0x08005919   Thumb Code   184  current_task.o(i.MOTOR_RUN_TASK)
    MX_ADC1_Init                             0x080059f1   Thumb Code   186  adc.o(i.MX_ADC1_Init)
    MX_ADC2_Init                             0x08005ab9   Thumb Code   178  adc.o(i.MX_ADC2_Init)
    MX_DMA_Init                              0x08005b7d   Thumb Code    72  dma.o(i.MX_DMA_Init)
    MX_FDCAN1_Init                           0x08005bc9   Thumb Code   126  fdcan.o(i.MX_FDCAN1_Init)
    MX_FREERTOS_Init                         0x08005c51   Thumb Code   216  app_freertos.o(i.MX_FREERTOS_Init)
    MX_GPIO_Init                             0x08005d6d   Thumb Code   152  gpio.o(i.MX_GPIO_Init)
    MX_OPAMP1_Init                           0x08005e11   Thumb Code    42  opamp.o(i.MX_OPAMP1_Init)
    MX_OPAMP2_Init                           0x08005e45   Thumb Code    42  opamp.o(i.MX_OPAMP2_Init)
    MX_OPAMP3_Init                           0x08005e79   Thumb Code    42  opamp.o(i.MX_OPAMP3_Init)
    MX_TIM16_Init                            0x08005ead   Thumb Code    46  tim.o(i.MX_TIM16_Init)
    MX_TIM1_Init                             0x08005ee5   Thumb Code   276  tim.o(i.MX_TIM1_Init)
    MX_TIM4_Init                             0x08006001   Thumb Code   100  tim.o(i.MX_TIM4_Init)
    MX_USART3_UART_Init                      0x0800606d   Thumb Code    94  usart.o(i.MX_USART3_UART_Init)
    MemManage_Handler                        0x080060d5   Thumb Code     2  stm32g4xx_it.o(i.MemManage_Handler)
    NMI_Handler                              0x080060d7   Thumb Code     2  stm32g4xx_it.o(i.NMI_Handler)
    Nonlinear_FluxObserver_Init              0x080060d9   Thumb Code    90  observer.o(i.Nonlinear_FluxObserver_Init)
    Nonlinear_FluxObserver_Update            0x0800615d   Thumb Code   182  observer.o(i.Nonlinear_FluxObserver_Update)
    Oblique_Wave                             0x08006213   Thumb Code    56  hal_math.o(i.Oblique_Wave)
    PLL_Update                               0x0800624b   Thumb Code    88  hal_math.o(i.PLL_Update)
    Paramater_update                         0x080062a5   Thumb Code   106  speed_ctrl.o(i.Paramater_update)
    Phase_Current_Rewrite                    0x0800631d   Thumb Code    86  current_task.o(i.Phase_Current_Rewrite)
    SMO_Observer                             0x08006379   Thumb Code   268  observer.o(i.SMO_Observer)
    SMO_Observer_Init                        0x08006489   Thumb Code    96  observer.o(i.SMO_Observer_Init)
    SPEED_CTRL_ALIGN_Task                    0x0800650d   Thumb Code   100  speed_ctrl.o(i.SPEED_CTRL_ALIGN_Task)
    SPEED_CTRL_IDLE_Task                     0x0800657d   Thumb Code    48  speed_ctrl.o(i.SPEED_CTRL_IDLE_Task)
    SPEED_CTRL_OPEN_Task                     0x080065b9   Thumb Code    90  speed_ctrl.o(i.SPEED_CTRL_OPEN_Task)
    SPEED_CTRL_RUN_Task                      0x08006625   Thumb Code   316  speed_ctrl.o(i.SPEED_CTRL_RUN_Task)
    SPEED_CTRL_SWITCH_Task                   0x0800678d   Thumb Code    56  speed_ctrl.o(i.SPEED_CTRL_SWITCH_Task)
    SPEED_CTRL_WAIT_Task                     0x080067d1   Thumb Code    18  speed_ctrl.o(i.SPEED_CTRL_WAIT_Task)
    SVPWM_Calculate                          0x080067e9   Thumb Code   386  svpwm.o(i.SVPWM_Calculate)
    Speed_Ctrl_Init                          0x0800697d   Thumb Code   168  speed_ctrl.o(i.Speed_Ctrl_Init)
    Speed_Ctrl_Task                          0x08006a4d   Thumb Code    84  speed_ctrl.o(i.Speed_Ctrl_Task)
    Speed_Switch                             0x08006aa5   Thumb Code   230  current_task.o(i.Speed_Switch)
    StartDefaultTask                         0x08006bad   Thumb Code    16  app_freertos.o(i.StartDefaultTask)
    SysTick_Handler                          0x08006bbd   Thumb Code    26  cmsis_os2.o(i.SysTick_Handler)
    SystemClock_Config                       0x08006bd7   Thumb Code   104  main.o(i.SystemClock_Config)
    SystemInit                               0x08006c41   Thumb Code    12  system_stm32g4xx.o(i.SystemInit)
    TIM1_BRK_TIM15_IRQHandler                0x08006c51   Thumb Code    16  stm32g4xx_it.o(i.TIM1_BRK_TIM15_IRQHandler)
    TIM1_TRG_COM_TIM17_IRQHandler            0x08006c65   Thumb Code    34  stm32g4xx_it.o(i.TIM1_TRG_COM_TIM17_IRQHandler)
    TIM1_UP_TIM16_IRQHandler                 0x08006c91   Thumb Code    34  stm32g4xx_it.o(i.TIM1_UP_TIM16_IRQHandler)
    TIM_Base_SetConfig                       0x08006cbd   Thumb Code   160  stm32g4xx_hal_tim.o(i.TIM_Base_SetConfig)
    TIM_CCxChannelCmd                        0x08006d79   Thumb Code    26  stm32g4xx_hal_tim.o(i.TIM_CCxChannelCmd)
    TIM_ETR_SetConfig                        0x08006dad   Thumb Code    20  stm32g4xx_hal_tim.o(i.TIM_ETR_SetConfig)
    TIM_OC2_SetConfig                        0x08006e71   Thumb Code   120  stm32g4xx_hal_tim.o(i.TIM_OC2_SetConfig)
    UART_AdvFeatureConfig                    0x0800718d   Thumb Code   200  stm32g4xx_hal_uart.o(i.UART_AdvFeatureConfig)
    UART_CheckIdleState                      0x08007255   Thumb Code   172  stm32g4xx_hal_uart.o(i.UART_CheckIdleState)
    UART_SetConfig                           0x08007431   Thumb Code   582  stm32g4xx_hal_uart.o(i.UART_SetConfig)
    UART_WaitOnFlagUntilTimeout              0x080076a5   Thumb Code   148  stm32g4xx_hal_uart.o(i.UART_WaitOnFlagUntilTimeout)
    USART3_IRQHandler                        0x08007739   Thumb Code     6  stm32g4xx_it.o(i.USART3_IRQHandler)
    UsageFault_Handler                       0x08007745   Thumb Code     2  stm32g4xx_it.o(i.UsageFault_Handler)
    Weak_Control                             0x08007749   Thumb Code    12  speed_ctrl.o(i.Weak_Control)
    binary_search_float_first                0x08007779   Thumb Code    60  hal_math.o(i.binary_search_float_first)
    can_get_raw_value                        0x080077b5   Thumb Code   218  can_dbc_messages.o(i.can_get_raw_value)
    can_set_raw_value                        0x08007891   Thumb Code   210  can_dbc_messages.o(i.can_set_raw_value)
    fdcan_transmit_data                      0x08007965   Thumb Code   260  can.o(i.fdcan_transmit_data)
    main                                     0x08007a85   Thumb Code    98  main.o(i.main)
    my_task1                                 0x08007aed   Thumb Code    92  app_freertos.o(i.my_task1)
    my_task2                                 0x08007b59   Thumb Code    26  app_freertos.o(i.my_task2)
    osDelay                                  0x08007b79   Thumb Code    26  cmsis_os2.o(i.osDelay)
    osKernelInitialize                       0x08007b95   Thumb Code    32  cmsis_os2.o(i.osKernelInitialize)
    osKernelStart                            0x08007bb9   Thumb Code    48  cmsis_os2.o(i.osKernelStart)
    osThreadNew                              0x08007bf1   Thumb Code   138  cmsis_os2.o(i.osThreadNew)
    pvPortMalloc                             0x08008415   Thumb Code   216  heap_4.o(i.pvPortMalloc)
    pxPortInitialiseStack                    0x080084f1   Thumb Code    40  port.o(i.pxPortInitialiseStack)
    read_Encode_ABZ                          0x0800851d   Thumb Code    10  observer.o(i.read_Encode_ABZ)
    uxListRemove                             0x0800852d   Thumb Code    38  list.o(i.uxListRemove)
    vApplicationGetIdleTaskMemory            0x08008555   Thumb Code    16  cmsis_os2.o(i.vApplicationGetIdleTaskMemory)
    vApplicationGetTimerTaskMemory           0x08008569   Thumb Code    18  cmsis_os2.o(i.vApplicationGetTimerTaskMemory)
    vListInitialise                          0x08008581   Thumb Code    22  list.o(i.vListInitialise)
    vListInitialiseItem                      0x08008597   Thumb Code     6  list.o(i.vListInitialiseItem)
    vListInsert                              0x0800859d   Thumb Code    48  list.o(i.vListInsert)
    vListInsertEnd                           0x080085cd   Thumb Code    24  list.o(i.vListInsertEnd)
    vPortEnterCritical                       0x080085e5   Thumb Code    54  port.o(i.vPortEnterCritical)
    vPortExitCritical                        0x08008625   Thumb Code    34  port.o(i.vPortExitCritical)
    vPortFree                                0x0800864d   Thumb Code    94  heap_4.o(i.vPortFree)
    vPortSetupTimerInterrupt                 0x080086b1   Thumb Code    32  port.o(i.vPortSetupTimerInterrupt)
    vPortValidateInterruptPriority           0x080086d5   Thumb Code    74  port.o(i.vPortValidateInterruptPriority)
    vQueueAddToRegistry                      0x08008729   Thumb Code    34  queue.o(i.vQueueAddToRegistry)
    vQueueWaitForMessageRestricted           0x08008751   Thumb Code    68  queue.o(i.vQueueWaitForMessageRestricted)
    vTaskDelay                               0x08008795   Thumb Code    66  tasks.o(i.vTaskDelay)
    vTaskDelayUntil                          0x080087e1   Thumb Code   132  tasks.o(i.vTaskDelayUntil)
    vTaskInternalSetTimeOutState             0x0800886d   Thumb Code    12  tasks.o(i.vTaskInternalSetTimeOutState)
    vTaskMissedYield                         0x0800887d   Thumb Code     8  tasks.o(i.vTaskMissedYield)
    vTaskPlaceOnEventList                    0x08008889   Thumb Code    44  tasks.o(i.vTaskPlaceOnEventList)
    vTaskPlaceOnEventListRestricted          0x080088b9   Thumb Code    52  tasks.o(i.vTaskPlaceOnEventListRestricted)
    vTaskStartScheduler                      0x080088f1   Thumb Code   122  tasks.o(i.vTaskStartScheduler)
    vTaskSuspendAll                          0x08008981   Thumb Code    10  tasks.o(i.vTaskSuspendAll)
    vTaskSwitchContext                       0x08008991   Thumb Code   114  tasks.o(i.vTaskSwitchContext)
    xPortStartScheduler                      0x08008a11   Thumb Code   222  port.o(i.xPortStartScheduler)
    xPortSysTickHandler                      0x08008b05   Thumb Code    38  port.o(i.xPortSysTickHandler)
    xQueueGenericCreateStatic                0x08008b31   Thumb Code   102  queue.o(i.xQueueGenericCreateStatic)
    xQueueGenericReset                       0x08008b99   Thumb Code   132  queue.o(i.xQueueGenericReset)
    xQueueGenericSend                        0x08008c21   Thumb Code   346  queue.o(i.xQueueGenericSend)
    xQueueGenericSendFromISR                 0x08008d81   Thumb Code   190  queue.o(i.xQueueGenericSendFromISR)
    xQueueReceive                            0x08008e41   Thumb Code   308  queue.o(i.xQueueReceive)
    xTaskCheckForTimeOut                     0x08008f79   Thumb Code   112  tasks.o(i.xTaskCheckForTimeOut)
    xTaskCreate                              0x08008fed   Thumb Code    90  tasks.o(i.xTaskCreate)
    xTaskCreateStatic                        0x08009047   Thumb Code    86  tasks.o(i.xTaskCreateStatic)
    xTaskGetSchedulerState                   0x0800909d   Thumb Code    22  tasks.o(i.xTaskGetSchedulerState)
    xTaskGetTickCount                        0x080090b9   Thumb Code     6  tasks.o(i.xTaskGetTickCount)
    xTaskIncrementTick                       0x080090c5   Thumb Code   192  tasks.o(i.xTaskIncrementTick)
    xTaskPriorityDisinherit                  0x0800918d   Thumb Code   118  tasks.o(i.xTaskPriorityDisinherit)
    xTaskRemoveFromEventList                 0x0800920d   Thumb Code    98  tasks.o(i.xTaskRemoveFromEventList)
    xTaskResumeAll                           0x0800927d   Thumb Code   182  tasks.o(i.xTaskResumeAll)
    xTimerCreateTimerTask                    0x08009341   Thumb Code    78  timers.o(i.xTimerCreateTimerTask)
    xTimerGenericCommand                     0x080093a1   Thumb Code    98  timers.o(i.xTimerGenericCommand)
    __aeabi_d2f                              0x08009409   Thumb Code     0  d2f.o(x$fpl$d2f)
    _d2f                                     0x08009409   Thumb Code    98  d2f.o(x$fpl$d2f)
    __aeabi_dadd                             0x0800946d   Thumb Code     0  daddsub_clz.o(x$fpl$dadd)
    _dadd                                    0x0800946d   Thumb Code   332  daddsub_clz.o(x$fpl$dadd)
    __aeabi_ddiv                             0x080095bd   Thumb Code     0  ddiv.o(x$fpl$ddiv)
    _ddiv                                    0x080095bd   Thumb Code   552  ddiv.o(x$fpl$ddiv)
    __aeabi_dmul                             0x0800986d   Thumb Code     0  dmul.o(x$fpl$dmul)
    _dmul                                    0x0800986d   Thumb Code   332  dmul.o(x$fpl$dmul)
    __fpl_dnaninf                            0x080099c1   Thumb Code   156  dnaninf.o(x$fpl$dnaninf)
    __fpl_dretinf                            0x08009a5d   Thumb Code    12  dretinf.o(x$fpl$dretinf)
    __aeabi_dsub                             0x08009a69   Thumb Code     0  daddsub_clz.o(x$fpl$dsub)
    _dsub                                    0x08009a69   Thumb Code   464  daddsub_clz.o(x$fpl$dsub)
    __aeabi_f2d                              0x08009c3d   Thumb Code     0  f2d.o(x$fpl$f2d)
    _f2d                                     0x08009c3d   Thumb Code    86  f2d.o(x$fpl$f2d)
    __aeabi_ul2f                             0x08009c93   Thumb Code     0  ffltll_clz.o(x$fpl$ffltll)
    _ll_uto_f                                0x08009c93   Thumb Code     6  ffltll_clz.o(x$fpl$ffltll)
    __aeabi_l2f                              0x08009c99   Thumb Code     0  ffltll_clz.o(x$fpl$ffltll)
    _ll_sto_f                                0x08009c99   Thumb Code    90  ffltll_clz.o(x$fpl$ffltll)
    __fpl_fnaninf                            0x08009cf3   Thumb Code   140  fnaninf.o(x$fpl$fnaninf)
    _fp_init                                 0x08009d7f   Thumb Code    10  fpinit.o(x$fpl$fpinit)
    __fplib_config_fpu_vfp                   0x08009d87   Thumb Code     0  fpinit.o(x$fpl$fpinit)
    __fplib_config_pureend_doubles           0x08009d87   Thumb Code     0  fpinit.o(x$fpl$fpinit)
    __fpl_fretinf                            0x08009d89   Thumb Code    10  fretinf.o(x$fpl$fretinf)
    __aeabi_d2lz                             0x08009d95   Thumb Code     0  dfixll.o(x$fpl$llsfromd)
    _ll_sfrom_d                              0x08009d95   Thumb Code   194  dfixll.o(x$fpl$llsfromd)
    __aeabi_f2lz                             0x08009e59   Thumb Code     0  ffixll.o(x$fpl$llsfromf)
    _ll_sfrom_f                              0x08009e59   Thumb Code   134  ffixll.o(x$fpl$llsfromf)
    __I$use$fp                               0x08009ede   Number         0  usenofp.o(x$fpl$usenofp)
    defaultTask_attributes                   0x08009ee0   Data          36  app_freertos.o(.constdata)
    UARTPrescTable                           0x08009f14   Data          24  stm32g4xx_hal_uart.o(.constdata)
    AHBPrescTable                            0x08009f3c   Data          16  system_stm32g4xx.o(.constdata)
    APBPrescTable                            0x08009f4c   Data           8  system_stm32g4xx.o(.constdata)
    rewrite_phase_index                      0x08009f54   Data           6  current_task.o(.constdata)
    PMSM_42JS_IF_Start_Ramp_Sec              0x08009f5c   Data          40  motor_parameter.o(.constdata)
    PMSM_42JS_IF_Start_Iq_A                  0x08009f84   Data          40  motor_parameter.o(.constdata)
    PMSM_42JS_IF_Start_Speed_RPM             0x08009fac   Data          40  motor_parameter.o(.constdata)
    sinTable_f32                             0x08009fe0   Data        2052  arm_common_tables.o(.rodata.sinTable_f32)
    Region$$Table$$Base                      0x0800a7e4   Number         0  anon$$obj.o(Region$$Table)
    Region$$Table$$Limit                     0x0800a804   Number         0  anon$$obj.o(Region$$Table)
    CPU_RunTime                              0x20000000   Data           4  main.o(.data)
    vofa_buffer                              0x20000004   Data          36  app_freertos.o(.data)
    adc_v24                                  0x20000028   Data           2  app_freertos.o(.data)
    lasttick                                 0x2000002c   Data           4  app_freertos.o(.data)
    defaultTaskHandle                        0x20000030   Data           4  app_freertos.o(.data)
    Udc_1ms                                  0x20000034   Data           4  app_freertos.o(.data)
    uwTickPrio                               0x2000003c   Data           4  stm32g4xx_hal.o(.data)
    uwTickFreq                               0x20000040   Data           4  stm32g4xx_hal.o(.data)
    uwTick                                   0x20000044   Data           4  stm32g4xx_hal.o(.data)
    SystemCoreClock                          0x20000048   Data           4  system_stm32g4xx.o(.data)
    pxCurrentTCB                             0x2000004c   Data           4  tasks.o(.data)
    sign_a                                   0x200000d8   Data           4  current_task.o(.data)
    sign_b                                   0x200000dc   Data           4  current_task.o(.data)
    sign_c                                   0x200000e0   Data           4  current_task.o(.data)
    Ualpha_comp                              0x200000e4   Data           4  current_task.o(.data)
    Ubeta_comp                               0x200000e8   Data           4  current_task.o(.data)
    Current_Task                             0x200000f0   Data         216  current_task.o(.data)
    Observer_Lookup_Speed_index              0x200001c8   Data          40  observer.o(.data)
    Observer_PLL_Kp                          0x200001f0   Data          40  observer.o(.data)
    Observer_PLL_Ki                          0x20000218   Data          40  observer.o(.data)
    LPK_KP                                   0x20000240   Data          40  observer.o(.data)
    GAIN_LOOK                                0x20000268   Data          40  observer.o(.data)
    HFSW_OB                                  0x20000290   Data         116  observer.o(.data)
    Motor_state                              0x20000304   Data           1  button_led.o(.data)
    MOTOR_Run_flag                           0x20000305   Data           1  button_led.o(.data)
    Speed_Command                            0x20000308   Data           4  button_led.o(.data)
    align_done                               0x2000030c   Data           1  speed_ctrl.o(.data)
    speed_cnt                                0x20000310   Data           4  speed_ctrl.o(.data)
    Speed_PI_Lookup_Speed_index              0x20000314   Data          40  speed_ctrl.o(.data)
    Speed_PI_Lookup_Kp                       0x2000033c   Data          40  speed_ctrl.o(.data)
    Speed_PI_Lookup_Ki                       0x20000364   Data          40  speed_ctrl.o(.data)
    Speed_Ctrl                               0x2000038c   Data         212  speed_ctrl.o(.data)
    PMSM_42JS                                0x20000460   Data          56  motor_parameter.o(.data)
    Can_Run_request                          0x20000499   Data           1  can.o(.data)
    Can_speed_request                        0x2000049c   Data           4  can.o(.data)
    can_dbc_list1                            0x200004a0   Data           8  can.o(.data)
    can_dbc_list2                            0x200004a8   Data           8  can.o(.data)
    hadc1                                    0x200004b0   Data         108  adc.o(.bss)
    hadc2                                    0x2000051c   Data         108  adc.o(.bss)
    hfdcan1                                  0x20000588   Data         100  fdcan.o(.bss)
    hopamp1                                  0x200005ec   Data          60  opamp.o(.bss)
    hopamp2                                  0x20000628   Data          60  opamp.o(.bss)
    hopamp3                                  0x20000664   Data          60  opamp.o(.bss)
    htim1                                    0x200006a0   Data          76  tim.o(.bss)
    htim4                                    0x200006ec   Data          76  tim.o(.bss)
    htim16                                   0x20000738   Data          76  tim.o(.bss)
    huart3                                   0x20000784   Data         148  usart.o(.bss)
    hdma_usart3_rx                           0x20000818   Data          96  usart.o(.bss)
    hdma_usart3_tx                           0x20000878   Data          96  usart.o(.bss)
    htim17                                   0x200008d8   Data          76  stm32g4xx_hal_timebase_tim.o(.bss)
    xQueueRegistry                           0x20000924   Data          64  queue.o(.bss)
    adc_adjustment                           0x20002200   Data          28  current_task.o(.bss)
    SMO_OB                                   0x2000221c   Data         148  observer.o(.bss)
    NonFlux_OB                               0x200022b0   Data         116  observer.o(.bss)
    Encode_ABZ                               0x20002324   Data         116  observer.o(.bss)
    fdcanrx_Data                             0x20002398   Data          16  can.o(.bss)
    send_buffer                              0x200023a8   Data          16  can.o(.bss)
    tx_Head                                  0x200023b8   Data          36  can.o(.bss)
    can_dbc_msg                              0x200023dc   Data          24  can.o(.bss)
    rx_Head                                  0x200023f4   Data          40  can.o(.bss)
    __libspace_start                         0x2000241c   Data          96  libspace.o(.bss)
    __temporary_stack_top$libspace           0x2000247c   Data           0  libspace.o(.bss)



==============================================================================

Memory Map of the image

  Image Entry point : 0x080001d9

  Load Region LR_IROM1 (Base: 0x08000000, Size: 0x0000acb4, Max: 0x00020000, ABSOLUTE, COMPRESSED[0x0000a8ec])

    Execution Region ER_IROM1 (Exec base: 0x08000000, Load base: 0x08000000, Size: 0x0000a804, Max: 0x00020000, ABSOLUTE)

    Exec Addr    Load Addr    Size         Type   Attr      Idx    E Section Name        Object

    0x08000000   0x08000000   0x000001d8   Data   RO            3    RESET               startup_stm32g431xx.o
    0x080001d8   0x080001d8   0x00000008   Code   RO         7529  * !!!main             c_w.l(__main.o)
    0x080001e0   0x080001e0   0x00000034   Code   RO         7750    !!!scatter          c_w.l(__scatter.o)
    0x08000214   0x08000214   0x00000064   Code   RO         7748    !!dclz77c           c_w.l(__dclz77c.o)
    0x08000278   0x08000278   0x0000001c   Code   RO         7752    !!handler_zi        c_w.l(__scatter_zi.o)
    0x08000294   0x08000294   0x00000002   Code   RO         7616    .ARM.Collect$$libinit$$00000000  c_w.l(libinit.o)
    0x08000296   0x08000296   0x00000004   Code   RO         7628    .ARM.Collect$$libinit$$00000001  c_w.l(libinit2.o)
    0x0800029a   0x0800029a   0x00000000   Code   RO         7631    .ARM.Collect$$libinit$$00000004  c_w.l(libinit2.o)
    0x0800029a   0x0800029a   0x00000000   Code   RO         7634    .ARM.Collect$$libinit$$0000000A  c_w.l(libinit2.o)
    0x0800029a   0x0800029a   0x00000000   Code   RO         7636    .ARM.Collect$$libinit$$0000000C  c_w.l(libinit2.o)
    0x0800029a   0x0800029a   0x00000000   Code   RO         7638    .ARM.Collect$$libinit$$0000000E  c_w.l(libinit2.o)
    0x0800029a   0x0800029a   0x00000000   Code   RO         7641    .ARM.Collect$$libinit$$00000011  c_w.l(libinit2.o)
    0x0800029a   0x0800029a   0x00000000   Code   RO         7643    .ARM.Collect$$libinit$$00000013  c_w.l(libinit2.o)
    0x0800029a   0x0800029a   0x00000000   Code   RO         7645    .ARM.Collect$$libinit$$00000015  c_w.l(libinit2.o)
    0x0800029a   0x0800029a   0x00000000   Code   RO         7647    .ARM.Collect$$libinit$$00000017  c_w.l(libinit2.o)
    0x0800029a   0x0800029a   0x00000000   Code   RO         7649    .ARM.Collect$$libinit$$00000019  c_w.l(libinit2.o)
    0x0800029a   0x0800029a   0x00000000   Code   RO         7651    .ARM.Collect$$libinit$$0000001B  c_w.l(libinit2.o)
    0x0800029a   0x0800029a   0x00000000   Code   RO         7653    .ARM.Collect$$libinit$$0000001D  c_w.l(libinit2.o)
    0x0800029a   0x0800029a   0x00000000   Code   RO         7655    .ARM.Collect$$libinit$$0000001F  c_w.l(libinit2.o)
    0x0800029a   0x0800029a   0x00000000   Code   RO         7657    .ARM.Collect$$libinit$$00000021  c_w.l(libinit2.o)
    0x0800029a   0x0800029a   0x00000000   Code   RO         7659    .ARM.Collect$$libinit$$00000023  c_w.l(libinit2.o)
    0x0800029a   0x0800029a   0x00000000   Code   RO         7661    .ARM.Collect$$libinit$$00000025  c_w.l(libinit2.o)
    0x0800029a   0x0800029a   0x00000000   Code   RO         7665    .ARM.Collect$$libinit$$0000002C  c_w.l(libinit2.o)
    0x0800029a   0x0800029a   0x00000000   Code   RO         7667    .ARM.Collect$$libinit$$0000002E  c_w.l(libinit2.o)
    0x0800029a   0x0800029a   0x00000000   Code   RO         7669    .ARM.Collect$$libinit$$00000030  c_w.l(libinit2.o)
    0x0800029a   0x0800029a   0x00000000   Code   RO         7671    .ARM.Collect$$libinit$$00000032  c_w.l(libinit2.o)
    0x0800029a   0x0800029a   0x00000002   Code   RO         7672    .ARM.Collect$$libinit$$00000033  c_w.l(libinit2.o)
    0x0800029c   0x0800029c   0x00000002   Code   RO         7703    .ARM.Collect$$libshutdown$$00000000  c_w.l(libshutdown.o)
    0x0800029e   0x0800029e   0x00000000   Code   RO         7729    .ARM.Collect$$libshutdown$$00000002  c_w.l(libshutdown2.o)
    0x0800029e   0x0800029e   0x00000000   Code   RO         7731    .ARM.Collect$$libshutdown$$00000004  c_w.l(libshutdown2.o)
    0x0800029e   0x0800029e   0x00000000   Code   RO         7733    .ARM.Collect$$libshutdown$$00000006  c_w.l(libshutdown2.o)
    0x0800029e   0x0800029e   0x00000000   Code   RO         7736    .ARM.Collect$$libshutdown$$00000009  c_w.l(libshutdown2.o)
    0x0800029e   0x0800029e   0x00000000   Code   RO         7739    .ARM.Collect$$libshutdown$$0000000C  c_w.l(libshutdown2.o)
    0x0800029e   0x0800029e   0x00000000   Code   RO         7741    .ARM.Collect$$libshutdown$$0000000E  c_w.l(libshutdown2.o)
    0x0800029e   0x0800029e   0x00000000   Code   RO         7744    .ARM.Collect$$libshutdown$$00000011  c_w.l(libshutdown2.o)
    0x0800029e   0x0800029e   0x00000002   Code   RO         7745    .ARM.Collect$$libshutdown$$00000012  c_w.l(libshutdown2.o)
    0x080002a0   0x080002a0   0x00000000   Code   RO         7557    .ARM.Collect$$rtentry$$00000000  c_w.l(__rtentry.o)
    0x080002a0   0x080002a0   0x00000000   Code   RO         7585    .ARM.Collect$$rtentry$$00000002  c_w.l(__rtentry2.o)
    0x080002a0   0x080002a0   0x00000006   Code   RO         7597    .ARM.Collect$$rtentry$$00000004  c_w.l(__rtentry4.o)
    0x080002a6   0x080002a6   0x00000000   Code   RO         7587    .ARM.Collect$$rtentry$$00000009  c_w.l(__rtentry2.o)
    0x080002a6   0x080002a6   0x00000004   Code   RO         7588    .ARM.Collect$$rtentry$$0000000A  c_w.l(__rtentry2.o)
    0x080002aa   0x080002aa   0x00000000   Code   RO         7590    .ARM.Collect$$rtentry$$0000000C  c_w.l(__rtentry2.o)
    0x080002aa   0x080002aa   0x00000008   Code   RO         7591    .ARM.Collect$$rtentry$$0000000D  c_w.l(__rtentry2.o)
    0x080002b2   0x080002b2   0x00000002   Code   RO         7620    .ARM.Collect$$rtexit$$00000000  c_w.l(rtexit.o)
    0x080002b4   0x080002b4   0x00000000   Code   RO         7676    .ARM.Collect$$rtexit$$00000002  c_w.l(rtexit2.o)
    0x080002b4   0x080002b4   0x00000004   Code   RO         7677    .ARM.Collect$$rtexit$$00000003  c_w.l(rtexit2.o)
    0x080002b8   0x080002b8   0x00000006   Code   RO         7678    .ARM.Collect$$rtexit$$00000004  c_w.l(rtexit2.o)
    0x080002be   0x080002be   0x00000002   PAD
    0x080002c0   0x080002c0   0x000000be   Code   RO         6688    .emb_text           port.o
    0x0800037e   0x0800037e   0x00000002   PAD
    0x08000380   0x08000380   0x00000040   Code   RO            4    .text               startup_stm32g431xx.o
    0x080003c0   0x080003c0   0x000000ee   Code   RO         7478    .text               c_w.l(lludivv7m.o)
    0x080004ae   0x080004ae   0x00000026   Code   RO         7480    .text               c_w.l(llshl.o)
    0x080004d4   0x080004d4   0x0000008a   Code   RO         7519    .text               c_w.l(rt_memcpy_v6.o)
    0x0800055e   0x0800055e   0x00000010   Code   RO         7523    .text               c_w.l(aeabi_memset.o)
    0x0800056e   0x0800056e   0x0000004e   Code   RO         7525    .text               c_w.l(rt_memclr_w.o)
    0x080005bc   0x080005bc   0x00000006   Code   RO         7527    .text               c_w.l(heapauxi.o)
    0x080005c2   0x080005c2   0x00000064   Code   RO         7571    .text               c_w.l(rt_memcpy_w.o)
    0x08000626   0x08000626   0x00000044   Code   RO         7573    .text               c_w.l(rt_memclr.o)
    0x0800066a   0x0800066a   0x0000004a   Code   RO         7603    .text               c_w.l(sys_stackheap_outer.o)
    0x080006b4   0x080006b4   0x00000012   Code   RO         7605    .text               c_w.l(exit.o)
    0x080006c6   0x080006c6   0x00000002   PAD
    0x080006c8   0x080006c8   0x00000008   Code   RO         7617    .text               c_w.l(libspace.o)
    0x080006d0   0x080006d0   0x0000000c   Code   RO         7673    .text               c_w.l(sys_exit.o)
    0x080006dc   0x080006dc   0x00000002   Code   RO         7692    .text               c_w.l(use_no_semi.o)
    0x080006de   0x080006de   0x00000000   Code   RO         7694    .text               c_w.l(indicate_semi.o)
    0x080006de   0x080006de   0x00000002   PAD
    0x080006e0   0x080006e0   0x00000098   Code   RO         7339    .text.arm_cos_f32   arm_cortexM4lf_math.lib(arm_cos_f32.o)
    0x08000778   0x08000778   0x00000090   Code   RO         7348    .text.arm_sin_f32   arm_cortexM4lf_math.lib(arm_sin_f32.o)
    0x08000808   0x08000808   0x0000001c   Code   RO          636    i.ADC1_2_IRQHandler  stm32g4xx_it.o
    0x08000824   0x08000824   0x00000070   Code   RO         1972    i.ADC_Disable       stm32g4xx_hal_adc.o
    0x08000894   0x08000894   0x000000ac   Code   RO         1973    i.ADC_Enable        stm32g4xx_hal_adc.o
    0x08000940   0x08000940   0x00000002   Code   RO          637    i.BusFault_Handler  stm32g4xx_it.o
    0x08000942   0x08000942   0x0000003e   Code   RO         7273    i.CAN_Pack_Motor_List1  can_dbc_messages.o
    0x08000980   0x08000980   0x00000040   Code   RO         7274    i.CAN_Pack_Motor_List2  can_dbc_messages.o
    0x080009c0   0x080009c0   0x00000108   Code   RO         7275    i.CAN_Pack_Motor_para  can_dbc_messages.o
    0x08000ac8   0x08000ac8   0x0000003e   Code   RO         7276    i.CAN_Parse_Motor_CMD  can_dbc_messages.o
    0x08000b06   0x08000b06   0x00000002   PAD
    0x08000b08   0x08000b08   0x00000078   Code   RO         6768    i.Current_PWM_Switch  current_task.o
    0x08000b80   0x08000b80   0x000000ac   Code   RO         6769    i.Current_Task_Init  current_task.o
    0x08000c2c   0x08000c2c   0x0000029c   Code   RO         6770    i.Current_Task_Run  current_task.o
    0x08000ec8   0x08000ec8   0x000000b4   Code   RO         6771    i.Current_Task_Switch  current_task.o
    0x08000f7c   0x08000f7c   0x0000000c   Code   RO          638    i.DMA1_Channel1_IRQHandler  stm32g4xx_it.o
    0x08000f88   0x08000f88   0x0000000c   Code   RO          639    i.DMA1_Channel2_IRQHandler  stm32g4xx_it.o
    0x08000f94   0x08000f94   0x00000040   Code   RO         3266    i.DMA_CalcDMAMUXChannelBaseAndMask  stm32g4xx_hal_dma.o
    0x08000fd4   0x08000fd4   0x00000024   Code   RO         3267    i.DMA_CalcDMAMUXRequestGenBaseAndMask  stm32g4xx_hal_dma.o
    0x08000ff8   0x08000ff8   0x0000003e   Code   RO         3268    i.DMA_SetConfig     stm32g4xx_hal_dma.o
    0x08001036   0x08001036   0x00000002   PAD
    0x08001038   0x08001038   0x00000224   Code   RO         6772    i.Dead_Zone_Compensation  current_task.o
    0x0800125c   0x0800125c   0x00000002   Code   RO          640    i.DebugMon_Handler  stm32g4xx_it.o
    0x0800125e   0x0800125e   0x0000001e   Code   RO          641    i.EXTI15_10_IRQHandler  stm32g4xx_it.o
    0x0800127c   0x0800127c   0x00000008   Code   RO          642    i.EXTI9_5_IRQHandler  stm32g4xx_it.o
    0x08001284   0x08001284   0x00000010   Code   RO         6906    i.Encode_ABZ_Get_Offset  observer.o
    0x08001294   0x08001294   0x00000074   Code   RO         6907    i.Encode_ABZ_Init   observer.o
    0x08001308   0x08001308   0x00000188   Code   RO         6908    i.Encode_ABZ_UpDate  observer.o
    0x08001490   0x08001490   0x00000004   Code   RO           13    i.Error_Handler     main.o
    0x08001494   0x08001494   0x0000000c   Code   RO          643    i.FDCAN1_IT0_IRQHandler  stm32g4xx_it.o
    0x080014a0   0x080014a0   0x0000000c   Code   RO          644    i.FDCAN1_IT1_IRQHandler  stm32g4xx_it.o
    0x080014ac   0x080014ac   0x00000070   Code   RO         3920    i.FDCAN_CopyMessageToRAM  stm32g4xx_hal_fdcan.o
    0x0800151c   0x0800151c   0x00000094   Code   RO         2206    i.HAL_ADCEx_Calibration_Start  stm32g4xx_hal_adc_ex.o
    0x080015b0   0x080015b0   0x00000002   Code   RO         2210    i.HAL_ADCEx_EndOfSamplingCallback  stm32g4xx_hal_adc_ex.o
    0x080015b2   0x080015b2   0x00000002   PAD
    0x080015b4   0x080015b4   0x00000518   Code   RO         2212    i.HAL_ADCEx_InjectedConfigChannel  stm32g4xx_hal_adc_ex.o
    0x08001acc   0x08001acc   0x00000044   Code   RO         6773    i.HAL_ADCEx_InjectedConvCpltCallback  current_task.o
    0x08001b10   0x08001b10   0x0000002e   Code   RO         2214    i.HAL_ADCEx_InjectedGetValue  stm32g4xx_hal_adc_ex.o
    0x08001b3e   0x08001b3e   0x00000002   Code   RO         2216    i.HAL_ADCEx_InjectedQueueOverflowCallback  stm32g4xx_hal_adc_ex.o
    0x08001b40   0x08001b40   0x00000128   Code   RO         2218    i.HAL_ADCEx_InjectedStart_IT  stm32g4xx_hal_adc_ex.o
    0x08001c68   0x08001c68   0x00000002   Code   RO         2221    i.HAL_ADCEx_LevelOutOfWindow2Callback  stm32g4xx_hal_adc_ex.o
    0x08001c6a   0x08001c6a   0x00000002   Code   RO         2222    i.HAL_ADCEx_LevelOutOfWindow3Callback  stm32g4xx_hal_adc_ex.o
    0x08001c6c   0x08001c6c   0x000000d8   Code   RO         2223    i.HAL_ADCEx_MultiModeConfigChannel  stm32g4xx_hal_adc_ex.o
    0x08001d44   0x08001d44   0x00000424   Code   RO         1975    i.HAL_ADC_ConfigChannel  stm32g4xx_hal_adc.o
    0x08002168   0x08002168   0x00000002   Code   RO         1976    i.HAL_ADC_ConvCpltCallback  stm32g4xx_hal_adc.o
    0x0800216a   0x0800216a   0x00000002   Code   RO         1979    i.HAL_ADC_ErrorCallback  stm32g4xx_hal_adc.o
    0x0800216c   0x0800216c   0x00000004   Code   RO         1981    i.HAL_ADC_GetState  stm32g4xx_hal_adc.o
    0x08002170   0x08002170   0x00000006   Code   RO         1982    i.HAL_ADC_GetValue  stm32g4xx_hal_adc.o
    0x08002176   0x08002176   0x00000002   PAD
    0x08002178   0x08002178   0x0000026c   Code   RO         1983    i.HAL_ADC_IRQHandler  stm32g4xx_hal_adc.o
    0x080023e4   0x080023e4   0x000001f4   Code   RO         1984    i.HAL_ADC_Init      stm32g4xx_hal_adc.o
    0x080025d8   0x080025d8   0x00000002   Code   RO         1985    i.HAL_ADC_LevelOutOfWindowCallback  stm32g4xx_hal_adc.o
    0x080025da   0x080025da   0x00000002   PAD
    0x080025dc   0x080025dc   0x00000114   Code   RO          354    i.HAL_ADC_MspInit   adc.o
    0x080026f0   0x080026f0   0x000000fc   Code   RO         1988    i.HAL_ADC_PollForConversion  stm32g4xx_hal_adc.o
    0x080027ec   0x080027ec   0x000000f4   Code   RO         1990    i.HAL_ADC_Start     stm32g4xx_hal_adc.o
    0x080028e0   0x080028e0   0x0000006a   Code   RO         3269    i.HAL_DMA_Abort     stm32g4xx_hal_dma.o
    0x0800294a   0x0800294a   0x00000078   Code   RO         3270    i.HAL_DMA_Abort_IT  stm32g4xx_hal_dma.o
    0x080029c2   0x080029c2   0x000000ba   Code   RO         3274    i.HAL_DMA_IRQHandler  stm32g4xx_hal_dma.o
    0x08002a7c   0x08002a7c   0x000000c0   Code   RO         3275    i.HAL_DMA_Init      stm32g4xx_hal_dma.o
    0x08002b3c   0x08002b3c   0x0000008c   Code   RO         3279    i.HAL_DMA_Start_IT  stm32g4xx_hal_dma.o
    0x08002bc8   0x08002bc8   0x00000024   Code   RO         2422    i.HAL_Delay         stm32g4xx_hal.o
    0x08002bec   0x08002bec   0x000000e0   Code   RO         3922    i.HAL_FDCAN_ActivateNotification  stm32g4xx_hal_fdcan.o
    0x08002ccc   0x08002ccc   0x0000004a   Code   RO         3923    i.HAL_FDCAN_AddMessageToTxFifoQ  stm32g4xx_hal_fdcan.o
    0x08002d16   0x08002d16   0x0000005c   Code   RO         3925    i.HAL_FDCAN_ConfigFilter  stm32g4xx_hal_fdcan.o
    0x08002d72   0x08002d72   0x00000002   Code   RO         3946    i.HAL_FDCAN_ErrorCallback  stm32g4xx_hal_fdcan.o
    0x08002d74   0x08002d74   0x00000002   Code   RO         3947    i.HAL_FDCAN_ErrorStatusCallback  stm32g4xx_hal_fdcan.o
    0x08002d76   0x08002d76   0x00000002   PAD
    0x08002d78   0x08002d78   0x00000018   Code   RO         3955    i.HAL_FDCAN_GetRxFifoFillLevel  stm32g4xx_hal_fdcan.o
    0x08002d90   0x08002d90   0x00000114   Code   RO         3956    i.HAL_FDCAN_GetRxMessage  stm32g4xx_hal_fdcan.o
    0x08002ea4   0x08002ea4   0x00000002   Code   RO         3962    i.HAL_FDCAN_HighPriorityMessageCallback  stm32g4xx_hal_fdcan.o
    0x08002ea6   0x08002ea6   0x00000164   Code   RO         3963    i.HAL_FDCAN_IRQHandler  stm32g4xx_hal_fdcan.o
    0x0800300a   0x0800300a   0x00000002   PAD
    0x0800300c   0x0800300c   0x00000204   Code   RO         3964    i.HAL_FDCAN_Init    stm32g4xx_hal_fdcan.o
    0x08003210   0x08003210   0x0000009c   Code   RO          427    i.HAL_FDCAN_MspInit  fdcan.o
    0x080032ac   0x080032ac   0x00000058   Code   RO         7227    i.HAL_FDCAN_RxFifo0Callback  can.o
    0x08003304   0x08003304   0x00000002   Code   RO         3972    i.HAL_FDCAN_RxFifo1Callback  stm32g4xx_hal_fdcan.o
    0x08003306   0x08003306   0x0000002c   Code   RO         3973    i.HAL_FDCAN_Start   stm32g4xx_hal_fdcan.o
    0x08003332   0x08003332   0x00000002   Code   RO         3975    i.HAL_FDCAN_TimeoutOccurredCallback  stm32g4xx_hal_fdcan.o
    0x08003334   0x08003334   0x00000002   Code   RO         3976    i.HAL_FDCAN_TimestampWraparoundCallback  stm32g4xx_hal_fdcan.o
    0x08003336   0x08003336   0x00000002   Code   RO         3977    i.HAL_FDCAN_TxBufferAbortCallback  stm32g4xx_hal_fdcan.o
    0x08003338   0x08003338   0x00000002   Code   RO         3978    i.HAL_FDCAN_TxBufferCompleteCallback  stm32g4xx_hal_fdcan.o
    0x0800333a   0x0800333a   0x00000002   Code   RO         3979    i.HAL_FDCAN_TxEventFifoCallback  stm32g4xx_hal_fdcan.o
    0x0800333c   0x0800333c   0x00000002   Code   RO         3980    i.HAL_FDCAN_TxFifoEmptyCallback  stm32g4xx_hal_fdcan.o
    0x0800333e   0x0800333e   0x00000002   PAD
    0x08003340   0x08003340   0x0000006c   Code   RO         7008    i.HAL_GPIO_EXTI_Callback  button_led.o
    0x080033ac   0x080033ac   0x00000018   Code   RO         3130    i.HAL_GPIO_EXTI_IRQHandler  stm32g4xx_hal_gpio.o
    0x080033c4   0x080033c4   0x00000248   Code   RO         3131    i.HAL_GPIO_Init     stm32g4xx_hal_gpio.o
    0x0800360c   0x0800360c   0x0000000c   Code   RO         2426    i.HAL_GetTick       stm32g4xx_hal.o
    0x08003618   0x08003618   0x00000010   Code   RO         2432    i.HAL_IncTick       stm32g4xx_hal.o
    0x08003628   0x08003628   0x0000001e   Code   RO         2433    i.HAL_Init          stm32g4xx_hal.o
    0x08003646   0x08003646   0x00000002   PAD
    0x08003648   0x08003648   0x00000088   Code   RO          784    i.HAL_InitTick      stm32g4xx_hal_timebase_tim.o
    0x080036d0   0x080036d0   0x0000003c   Code   RO          760    i.HAL_MspInit       stm32g4xx_hal_msp.o
    0x0800370c   0x0800370c   0x0000001a   Code   RO         3780    i.HAL_NVIC_EnableIRQ  stm32g4xx_hal_cortex.o
    0x08003726   0x08003726   0x00000002   PAD
    0x08003728   0x08003728   0x00000040   Code   RO         3786    i.HAL_NVIC_SetPriority  stm32g4xx_hal_cortex.o
    0x08003768   0x08003768   0x00000024   Code   RO         3787    i.HAL_NVIC_SetPriorityGrouping  stm32g4xx_hal_cortex.o
    0x0800378c   0x0800378c   0x000000f4   Code   RO         4308    i.HAL_OPAMP_Init    stm32g4xx_hal_opamp.o
    0x08003880   0x08003880   0x00000094   Code   RO          469    i.HAL_OPAMP_MspInit  opamp.o
    0x08003914   0x08003914   0x0000002c   Code   RO         4314    i.HAL_OPAMP_Start   stm32g4xx_hal_opamp.o
    0x08003940   0x08003940   0x000000bc   Code   RO         3534    i.HAL_PWREx_ControlVoltageScaling  stm32g4xx_hal_pwr_ex.o
    0x080039fc   0x080039fc   0x00000010   Code   RO         3546    i.HAL_PWREx_DisableUCPDDeadBattery  stm32g4xx_hal_pwr_ex.o
    0x08003a0c   0x08003a0c   0x00000288   Code   RO         2793    i.HAL_RCCEx_PeriphCLKConfig  stm32g4xx_hal_rcc_ex.o
    0x08003c94   0x08003c94   0x000001dc   Code   RO         2668    i.HAL_RCC_ClockConfig  stm32g4xx_hal_rcc.o
    0x08003e70   0x08003e70   0x00000040   Code   RO         2673    i.HAL_RCC_GetClockConfig  stm32g4xx_hal_rcc.o
    0x08003eb0   0x08003eb0   0x00000024   Code   RO         2676    i.HAL_RCC_GetPCLK1Freq  stm32g4xx_hal_rcc.o
    0x08003ed4   0x08003ed4   0x00000024   Code   RO         2677    i.HAL_RCC_GetPCLK2Freq  stm32g4xx_hal_rcc.o
    0x08003ef8   0x08003ef8   0x0000006c   Code   RO         2678    i.HAL_RCC_GetSysClockFreq  stm32g4xx_hal_rcc.o
    0x08003f64   0x08003f64   0x00000404   Code   RO         2681    i.HAL_RCC_OscConfig  stm32g4xx_hal_rcc.o
    0x08004368   0x08004368   0x00000002   Code   RO         1539    i.HAL_TIMEx_Break2Callback  stm32g4xx_hal_tim_ex.o
    0x0800436a   0x0800436a   0x00000002   Code   RO         1540    i.HAL_TIMEx_BreakCallback  stm32g4xx_hal_tim_ex.o
    0x0800436c   0x0800436c   0x00000002   Code   RO         1541    i.HAL_TIMEx_CommutCallback  stm32g4xx_hal_tim_ex.o
    0x0800436e   0x0800436e   0x00000002   PAD
    0x08004370   0x08004370   0x0000009c   Code   RO         1544    i.HAL_TIMEx_ConfigBreakDeadTime  stm32g4xx_hal_tim_ex.o
    0x0800440c   0x0800440c   0x00000002   Code   RO         1552    i.HAL_TIMEx_DirectionChangeCallback  stm32g4xx_hal_tim_ex.o
    0x0800440e   0x0800440e   0x00000002   Code   RO         1566    i.HAL_TIMEx_EncoderIndexCallback  stm32g4xx_hal_tim_ex.o
    0x08004410   0x08004410   0x00000002   Code   RO         1580    i.HAL_TIMEx_IndexErrorCallback  stm32g4xx_hal_tim_ex.o
    0x08004412   0x08004412   0x00000002   PAD
    0x08004414   0x08004414   0x0000009c   Code   RO         1581    i.HAL_TIMEx_MasterConfigSynchronization  stm32g4xx_hal_tim_ex.o
    0x080044b0   0x080044b0   0x000000b8   Code   RO         1593    i.HAL_TIMEx_PWMN_Start  stm32g4xx_hal_tim_ex.o
    0x08004568   0x08004568   0x00000068   Code   RO         1596    i.HAL_TIMEx_PWMN_Stop  stm32g4xx_hal_tim_ex.o
    0x080045d0   0x080045d0   0x00000002   Code   RO         1602    i.HAL_TIMEx_TransitionErrorCallback  stm32g4xx_hal_tim_ex.o
    0x080045d2   0x080045d2   0x00000062   Code   RO          825    i.HAL_TIM_Base_Init  stm32g4xx_hal_tim.o
    0x08004634   0x08004634   0x00000084   Code   RO          523    i.HAL_TIM_Base_MspInit  tim.o
    0x080046b8   0x080046b8   0x0000006c   Code   RO          828    i.HAL_TIM_Base_Start  stm32g4xx_hal_tim.o
    0x08004724   0x08004724   0x00000078   Code   RO          830    i.HAL_TIM_Base_Start_IT  stm32g4xx_hal_tim.o
    0x0800479c   0x0800479c   0x00000100   Code   RO          834    i.HAL_TIM_ConfigClockSource  stm32g4xx_hal_tim.o
    0x0800489c   0x0800489c   0x000000a8   Code   RO          846    i.HAL_TIM_Encoder_Init  stm32g4xx_hal_tim.o
    0x08004944   0x08004944   0x00000060   Code   RO          525    i.HAL_TIM_Encoder_MspInit  tim.o
    0x080049a4   0x080049a4   0x0000008e   Code   RO          849    i.HAL_TIM_Encoder_Start  stm32g4xx_hal_tim.o
    0x08004a32   0x08004a32   0x00000002   Code   RO          859    i.HAL_TIM_IC_CaptureCallback  stm32g4xx_hal_tim.o
    0x08004a34   0x08004a34   0x000001a2   Code   RO          873    i.HAL_TIM_IRQHandler  stm32g4xx_hal_tim.o
    0x08004bd6   0x08004bd6   0x00000002   PAD
    0x08004bd8   0x08004bd8   0x00000094   Code   RO          526    i.HAL_TIM_MspPostInit  tim.o
    0x08004c6c   0x08004c6c   0x00000002   Code   RO          876    i.HAL_TIM_OC_DelayElapsedCallback  stm32g4xx_hal_tim.o
    0x08004c6e   0x08004c6e   0x00000124   Code   RO          897    i.HAL_TIM_PWM_ConfigChannel  stm32g4xx_hal_tim.o
    0x08004d92   0x08004d92   0x00000062   Code   RO          900    i.HAL_TIM_PWM_Init  stm32g4xx_hal_tim.o
    0x08004df4   0x08004df4   0x00000002   Code   RO          902    i.HAL_TIM_PWM_MspInit  stm32g4xx_hal_tim.o
    0x08004df6   0x08004df6   0x00000002   Code   RO          903    i.HAL_TIM_PWM_PulseFinishedCallback  stm32g4xx_hal_tim.o
    0x08004df8   0x08004df8   0x000000fc   Code   RO          905    i.HAL_TIM_PWM_Start  stm32g4xx_hal_tim.o
    0x08004ef4   0x08004ef4   0x000000ac   Code   RO          908    i.HAL_TIM_PWM_Stop  stm32g4xx_hal_tim.o
    0x08004fa0   0x08004fa0   0x00000030   Code   RO           14    i.HAL_TIM_PeriodElapsedCallback  main.o
    0x08004fd0   0x08004fd0   0x00000002   Code   RO          916    i.HAL_TIM_TriggerCallback  stm32g4xx_hal_tim.o
    0x08004fd2   0x08004fd2   0x0000003e   Code   RO         4833    i.HAL_UARTEx_DisableFifoMode  stm32g4xx_hal_uart_ex.o
    0x08005010   0x08005010   0x00000002   Code   RO         4422    i.HAL_UARTEx_RxEventCallback  stm32g4xx_hal_uart.o
    0x08005012   0x08005012   0x00000002   Code   RO         4841    i.HAL_UARTEx_RxFifoFullCallback  stm32g4xx_hal_uart_ex.o
    0x08005014   0x08005014   0x0000004c   Code   RO         4842    i.HAL_UARTEx_SetRxFifoThreshold  stm32g4xx_hal_uart_ex.o
    0x08005060   0x08005060   0x0000004c   Code   RO         4843    i.HAL_UARTEx_SetTxFifoThreshold  stm32g4xx_hal_uart_ex.o
    0x080050ac   0x080050ac   0x00000002   Code   RO         4845    i.HAL_UARTEx_TxFifoEmptyCallback  stm32g4xx_hal_uart_ex.o
    0x080050ae   0x080050ae   0x00000002   Code   RO         4846    i.HAL_UARTEx_WakeupCallback  stm32g4xx_hal_uart_ex.o
    0x080050b0   0x080050b0   0x00000002   Code   RO         4438    i.HAL_UART_ErrorCallback  stm32g4xx_hal_uart.o
    0x080050b2   0x080050b2   0x00000002   PAD
    0x080050b4   0x080050b4   0x0000031c   Code   RO         4441    i.HAL_UART_IRQHandler  stm32g4xx_hal_uart.o
    0x080053d0   0x080053d0   0x0000006a   Code   RO         4442    i.HAL_UART_Init     stm32g4xx_hal_uart.o
    0x0800543a   0x0800543a   0x00000002   PAD
    0x0800543c   0x0800543c   0x000000f4   Code   RO          595    i.HAL_UART_MspInit  usart.o
    0x08005530   0x08005530   0x00000090   Code   RO         4452    i.HAL_UART_Transmit_DMA  stm32g4xx_hal_uart.o
    0x080055c0   0x080055c0   0x00000002   Code   RO         4454    i.HAL_UART_TxCpltCallback  stm32g4xx_hal_uart.o
    0x080055c2   0x080055c2   0x00000002   Code   RO         4455    i.HAL_UART_TxHalfCpltCallback  stm32g4xx_hal_uart.o
    0x080055c4   0x080055c4   0x00000048   Code   RO         6909    i.HFSWInjection_Init  observer.o
    0x0800560c   0x0800560c   0x00000064   Code   RO         7156    i.Hal_PI_f32        hal_math.o
    0x08005670   0x08005670   0x00000002   Code   RO          645    i.HardFault_Handler  stm32g4xx_it.o
    0x08005672   0x08005672   0x00000018   Code   RO         7157    i.Hysteresis_Comp_Init  hal_math.o
    0x0800568a   0x0800568a   0x00000058   Code   RO         7158    i.Hysteresis_Comp_Process  hal_math.o
    0x080056e2   0x080056e2   0x0000000c   Code   RO         1998    i.LL_ADC_GetOffsetChannel  stm32g4xx_hal_adc.o
    0x080056ee   0x080056ee   0x0000000c   Code   RO         2231    i.LL_ADC_GetOffsetChannel  stm32g4xx_hal_adc_ex.o
    0x080056fa   0x080056fa   0x00000008   Code   RO         1999    i.LL_ADC_INJ_IsConversionOngoing  stm32g4xx_hal_adc.o
    0x08005702   0x08005702   0x00000008   Code   RO         2232    i.LL_ADC_INJ_IsConversionOngoing  stm32g4xx_hal_adc_ex.o
    0x0800570a   0x0800570a   0x00000008   Code   RO         2000    i.LL_ADC_REG_IsConversionOngoing  stm32g4xx_hal_adc.o
    0x08005712   0x08005712   0x00000008   Code   RO         2233    i.LL_ADC_REG_IsConversionOngoing  stm32g4xx_hal_adc_ex.o
    0x0800571a   0x0800571a   0x00000010   Code   RO         2001    i.LL_ADC_REG_IsTriggerSourceSWStart  stm32g4xx_hal_adc.o
    0x0800572a   0x0800572a   0x0000001e   Code   RO         2003    i.LL_ADC_SetChannelSamplingTime  stm32g4xx_hal_adc.o
    0x08005748   0x08005748   0x0000001e   Code   RO         2234    i.LL_ADC_SetChannelSamplingTime  stm32g4xx_hal_adc_ex.o
    0x08005766   0x08005766   0x00000010   Code   RO         2004    i.LL_ADC_SetOffsetState  stm32g4xx_hal_adc.o
    0x08005776   0x08005776   0x00000010   Code   RO         2235    i.LL_ADC_SetOffsetState  stm32g4xx_hal_adc_ex.o
    0x08005786   0x08005786   0x00000002   PAD
    0x08005788   0x08005788   0x00000034   Code   RO         7159    i.Limit_2PI         hal_math.o
    0x080057bc   0x080057bc   0x00000088   Code   RO         7160    i.Lookup_Table_Linear  hal_math.o
    0x08005844   0x08005844   0x00000040   Code   RO         6774    i.MOTOR_IDLE_TASK   current_task.o
    0x08005884   0x08005884   0x00000058   Code   RO         6775    i.MOTOR_OFFSET_CHECK_TASK  current_task.o
    0x080058dc   0x080058dc   0x0000003c   Code   RO         6776    i.MOTOR_READY_TASK  current_task.o
    0x08005918   0x08005918   0x000000d8   Code   RO         6777    i.MOTOR_RUN_TASK    current_task.o
    0x080059f0   0x080059f0   0x000000c8   Code   RO          355    i.MX_ADC1_Init      adc.o
    0x08005ab8   0x08005ab8   0x000000c4   Code   RO          356    i.MX_ADC2_Init      adc.o
    0x08005b7c   0x08005b7c   0x0000004c   Code   RO          402    i.MX_DMA_Init       dma.o
    0x08005bc8   0x08005bc8   0x00000088   Code   RO          428    i.MX_FDCAN1_Init    fdcan.o
    0x08005c50   0x08005c50   0x0000011c   Code   RO          261    i.MX_FREERTOS_Init  app_freertos.o
    0x08005d6c   0x08005d6c   0x000000a4   Code   RO          237    i.MX_GPIO_Init      gpio.o
    0x08005e10   0x08005e10   0x00000034   Code   RO          470    i.MX_OPAMP1_Init    opamp.o
    0x08005e44   0x08005e44   0x00000034   Code   RO          471    i.MX_OPAMP2_Init    opamp.o
    0x08005e78   0x08005e78   0x00000034   Code   RO          472    i.MX_OPAMP3_Init    opamp.o
    0x08005eac   0x08005eac   0x00000038   Code   RO          527    i.MX_TIM16_Init     tim.o
    0x08005ee4   0x08005ee4   0x0000011c   Code   RO          528    i.MX_TIM1_Init      tim.o
    0x08006000   0x08006000   0x0000006c   Code   RO          529    i.MX_TIM4_Init      tim.o
    0x0800606c   0x0800606c   0x00000068   Code   RO          596    i.MX_USART3_UART_Init  usart.o
    0x080060d4   0x080060d4   0x00000002   Code   RO          646    i.MemManage_Handler  stm32g4xx_it.o
    0x080060d6   0x080060d6   0x00000002   Code   RO          647    i.NMI_Handler       stm32g4xx_it.o
    0x080060d8   0x080060d8   0x00000084   Code   RO         6912    i.Nonlinear_FluxObserver_Init  observer.o
    0x0800615c   0x0800615c   0x000000b6   Code   RO         6913    i.Nonlinear_FluxObserver_Update  observer.o
    0x08006212   0x08006212   0x00000038   Code   RO         7161    i.Oblique_Wave      hal_math.o
    0x0800624a   0x0800624a   0x00000058   Code   RO         7162    i.PLL_Update        hal_math.o
    0x080062a2   0x080062a2   0x00000002   PAD
    0x080062a4   0x080062a4   0x00000078   Code   RO         7055    i.Paramater_update  speed_ctrl.o
    0x0800631c   0x0800631c   0x0000005c   Code   RO         6778    i.Phase_Current_Rewrite  current_task.o
    0x08006378   0x08006378   0x00000110   Code   RO         6914    i.SMO_Observer      observer.o
    0x08006488   0x08006488   0x00000084   Code   RO         6915    i.SMO_Observer_Init  observer.o
    0x0800650c   0x0800650c   0x00000070   Code   RO         7056    i.SPEED_CTRL_ALIGN_Task  speed_ctrl.o
    0x0800657c   0x0800657c   0x0000003c   Code   RO         7057    i.SPEED_CTRL_IDLE_Task  speed_ctrl.o
    0x080065b8   0x080065b8   0x0000006c   Code   RO         7058    i.SPEED_CTRL_OPEN_Task  speed_ctrl.o
    0x08006624   0x08006624   0x00000168   Code   RO         7059    i.SPEED_CTRL_RUN_Task  speed_ctrl.o
    0x0800678c   0x0800678c   0x00000044   Code   RO         7060    i.SPEED_CTRL_SWITCH_Task  speed_ctrl.o
    0x080067d0   0x080067d0   0x00000018   Code   RO         7061    i.SPEED_CTRL_WAIT_Task  speed_ctrl.o
    0x080067e8   0x080067e8   0x00000194   Code   RO         6885    i.SVPWM_Calculate   svpwm.o
    0x0800697c   0x0800697c   0x000000d0   Code   RO         7062    i.Speed_Ctrl_Init   speed_ctrl.o
    0x08006a4c   0x08006a4c   0x00000058   Code   RO         7063    i.Speed_Ctrl_Task   speed_ctrl.o
    0x08006aa4   0x08006aa4   0x00000108   Code   RO         6779    i.Speed_Switch      current_task.o
    0x08006bac   0x08006bac   0x00000010   Code   RO          262    i.StartDefaultTask  app_freertos.o
    0x08006bbc   0x08006bbc   0x0000001a   Code   RO         6120    i.SysTick_Handler   cmsis_os2.o
    0x08006bd6   0x08006bd6   0x00000068   Code   RO           15    i.SystemClock_Config  main.o
    0x08006c3e   0x08006c3e   0x00000002   PAD
    0x08006c40   0x08006c40   0x00000010   Code   RO         4952    i.SystemInit        system_stm32g4xx.o
    0x08006c50   0x08006c50   0x00000014   Code   RO          648    i.TIM1_BRK_TIM15_IRQHandler  stm32g4xx_it.o
    0x08006c64   0x08006c64   0x0000002c   Code   RO          649    i.TIM1_TRG_COM_TIM17_IRQHandler  stm32g4xx_it.o
    0x08006c90   0x08006c90   0x0000002c   Code   RO          650    i.TIM1_UP_TIM16_IRQHandler  stm32g4xx_it.o
    0x08006cbc   0x08006cbc   0x000000bc   Code   RO          918    i.TIM_Base_SetConfig  stm32g4xx_hal_tim.o
    0x08006d78   0x08006d78   0x0000001a   Code   RO          919    i.TIM_CCxChannelCmd  stm32g4xx_hal_tim.o
    0x08006d92   0x08006d92   0x0000001a   Code   RO         1605    i.TIM_CCxNChannelCmd  stm32g4xx_hal_tim_ex.o
    0x08006dac   0x08006dac   0x00000014   Code   RO          929    i.TIM_ETR_SetConfig  stm32g4xx_hal_tim.o
    0x08006dc0   0x08006dc0   0x00000014   Code   RO          930    i.TIM_ITRx_SetConfig  stm32g4xx_hal_tim.o
    0x08006dd4   0x08006dd4   0x0000009c   Code   RO          931    i.TIM_OC1_SetConfig  stm32g4xx_hal_tim.o
    0x08006e70   0x08006e70   0x00000090   Code   RO          932    i.TIM_OC2_SetConfig  stm32g4xx_hal_tim.o
    0x08006f00   0x08006f00   0x00000090   Code   RO          933    i.TIM_OC3_SetConfig  stm32g4xx_hal_tim.o
    0x08006f90   0x08006f90   0x00000090   Code   RO          934    i.TIM_OC4_SetConfig  stm32g4xx_hal_tim.o
    0x08007020   0x08007020   0x00000070   Code   RO          935    i.TIM_OC5_SetConfig  stm32g4xx_hal_tim.o
    0x08007090   0x08007090   0x00000070   Code   RO          936    i.TIM_OC6_SetConfig  stm32g4xx_hal_tim.o
    0x08007100   0x08007100   0x00000022   Code   RO          938    i.TIM_TI1_ConfigInputStage  stm32g4xx_hal_tim.o
    0x08007122   0x08007122   0x00000024   Code   RO          940    i.TIM_TI2_ConfigInputStage  stm32g4xx_hal_tim.o
    0x08007146   0x08007146   0x00000002   PAD
    0x08007148   0x08007148   0x00000044   Code   RO         4847    i.UARTEx_SetNbDataToProcess  stm32g4xx_hal_uart_ex.o
    0x0800718c   0x0800718c   0x000000c8   Code   RO         4456    i.UART_AdvFeatureConfig  stm32g4xx_hal_uart.o
    0x08007254   0x08007254   0x000000ac   Code   RO         4457    i.UART_CheckIdleState  stm32g4xx_hal_uart.o
    0x08007300   0x08007300   0x00000010   Code   RO         4458    i.UART_DMAAbortOnError  stm32g4xx_hal_uart.o
    0x08007310   0x08007310   0x00000050   Code   RO         4459    i.UART_DMAError     stm32g4xx_hal_uart.o
    0x08007360   0x08007360   0x00000042   Code   RO         4464    i.UART_DMATransmitCplt  stm32g4xx_hal_uart.o
    0x080073a2   0x080073a2   0x0000000a   Code   RO         4466    i.UART_DMATxHalfCplt  stm32g4xx_hal_uart.o
    0x080073ac   0x080073ac   0x00000054   Code   RO         4468    i.UART_EndRxTransfer  stm32g4xx_hal_uart.o
    0x08007400   0x08007400   0x0000002e   Code   RO         4469    i.UART_EndTxTransfer  stm32g4xx_hal_uart.o
    0x0800742e   0x0800742e   0x00000002   PAD
    0x08007430   0x08007430   0x00000274   Code   RO         4474    i.UART_SetConfig    stm32g4xx_hal_uart.o
    0x080076a4   0x080076a4   0x00000094   Code   RO         4481    i.UART_WaitOnFlagUntilTimeout  stm32g4xx_hal_uart.o
    0x08007738   0x08007738   0x0000000c   Code   RO          651    i.USART3_IRQHandler  stm32g4xx_it.o
    0x08007744   0x08007744   0x00000002   Code   RO          652    i.UsageFault_Handler  stm32g4xx_it.o
    0x08007746   0x08007746   0x00000002   PAD
    0x08007748   0x08007748   0x00000010   Code   RO         7064    i.Weak_Control      speed_ctrl.o
    0x08007758   0x08007758   0x00000020   Code   RO         3793    i.__NVIC_SetPriority  stm32g4xx_hal_cortex.o
    0x08007778   0x08007778   0x0000003c   Code   RO         7163    i.binary_search_float_first  hal_math.o
    0x080077b4   0x080077b4   0x000000da   Code   RO         7280    i.can_get_raw_value  can_dbc_messages.o
    0x0800788e   0x0800788e   0x00000002   PAD
    0x08007890   0x08007890   0x000000d2   Code   RO         7281    i.can_set_raw_value  can_dbc_messages.o
    0x08007962   0x08007962   0x00000002   PAD
    0x08007964   0x08007964   0x00000120   Code   RO         7228    i.fdcan_transmit_data  can.o
    0x08007a84   0x08007a84   0x00000068   Code   RO           16    i.main              main.o
    0x08007aec   0x08007aec   0x0000006c   Code   RO          263    i.my_task1          app_freertos.o
    0x08007b58   0x08007b58   0x00000020   Code   RO          264    i.my_task2          app_freertos.o
    0x08007b78   0x08007b78   0x0000001a   Code   RO         6122    i.osDelay           cmsis_os2.o
    0x08007b92   0x08007b92   0x00000002   PAD
    0x08007b94   0x08007b94   0x00000024   Code   RO         6136    i.osKernelInitialize  cmsis_os2.o
    0x08007bb8   0x08007bb8   0x00000038   Code   RO         6139    i.osKernelStart     cmsis_os2.o
    0x08007bf0   0x08007bf0   0x0000008a   Code   RO         6181    i.osThreadNew       cmsis_os2.o
    0x08007c7a   0x08007c7a   0x00000002   PAD
    0x08007c7c   0x08007c7c   0x0000005c   Code   RO         5560    i.prvAddCurrentTaskToDelayedList  tasks.o
    0x08007cd8   0x08007cd8   0x000000d0   Code   RO         5561    i.prvAddNewTaskToReadyList  tasks.o
    0x08007da8   0x08007da8   0x00000058   Code   RO         5946    i.prvCheckForValidListAndQueue  timers.o
    0x08007e00   0x08007e00   0x00000026   Code   RO         5157    i.prvCopyDataFromQueue  queue.o
    0x08007e26   0x08007e26   0x0000006c   Code   RO         5158    i.prvCopyDataToQueue  queue.o
    0x08007e92   0x08007e92   0x00000034   Code   RO         5562    i.prvDeleteTCB      tasks.o
    0x08007ec6   0x08007ec6   0x00000002   PAD
    0x08007ec8   0x08007ec8   0x0000004c   Code   RO         6633    i.prvHeapInit       heap_4.o
    0x08007f14   0x08007f14   0x00000060   Code   RO         5563    i.prvIdleTask       tasks.o
    0x08007f74   0x08007f74   0x00000022   Code   RO         5160    i.prvInitialiseNewQueue  queue.o
    0x08007f96   0x08007f96   0x00000002   PAD
    0x08007f98   0x08007f98   0x000000b2   Code   RO         5564    i.prvInitialiseNewTask  tasks.o
    0x0800804a   0x0800804a   0x00000002   PAD
    0x0800804c   0x0800804c   0x0000004c   Code   RO         6634    i.prvInsertBlockIntoFreeList  heap_4.o
    0x08008098   0x08008098   0x00000038   Code   RO         5948    i.prvInsertTimerInActiveList  timers.o
    0x080080d0   0x080080d0   0x0000001c   Code   RO         5161    i.prvIsQueueEmpty   queue.o
    0x080080ec   0x080080ec   0x000000fc   Code   RO         5949    i.prvProcessReceivedCommands  timers.o
    0x080081e8   0x080081e8   0x000000c0   Code   RO         5950    i.prvProcessTimerOrBlockTask  timers.o
    0x080082a8   0x080082a8   0x00000020   Code   RO         5566    i.prvResetNextTaskUnblockTime  tasks.o
    0x080082c8   0x080082c8   0x00000028   Code   RO         5951    i.prvSampleTimeNow  timers.o
    0x080082f0   0x080082f0   0x0000006c   Code   RO         5952    i.prvSwitchTimerLists  timers.o
    0x0800835c   0x0800835c   0x00000028   Code   RO         6689    i.prvTaskExitError  port.o
    0x08008384   0x08008384   0x00000024   Code   RO         5953    i.prvTimerTask      timers.o
    0x080083a8   0x080083a8   0x0000006a   Code   RO         5162    i.prvUnlockQueue    queue.o
    0x08008412   0x08008412   0x00000002   PAD
    0x08008414   0x08008414   0x000000dc   Code   RO         6635    i.pvPortMalloc      heap_4.o
    0x080084f0   0x080084f0   0x0000002c   Code   RO         6690    i.pxPortInitialiseStack  port.o
    0x0800851c   0x0800851c   0x00000010   Code   RO         6916    i.read_Encode_ABZ   observer.o
    0x0800852c   0x0800852c   0x00000026   Code   RO         5117    i.uxListRemove      list.o
    0x08008552   0x08008552   0x00000002   PAD
    0x08008554   0x08008554   0x00000014   Code   RO         6193    i.vApplicationGetIdleTaskMemory  cmsis_os2.o
    0x08008568   0x08008568   0x00000018   Code   RO         6194    i.vApplicationGetTimerTaskMemory  cmsis_os2.o
    0x08008580   0x08008580   0x00000016   Code   RO         5118    i.vListInitialise   list.o
    0x08008596   0x08008596   0x00000006   Code   RO         5119    i.vListInitialiseItem  list.o
    0x0800859c   0x0800859c   0x00000030   Code   RO         5120    i.vListInsert       list.o
    0x080085cc   0x080085cc   0x00000018   Code   RO         5121    i.vListInsertEnd    list.o
    0x080085e4   0x080085e4   0x00000040   Code   RO         6692    i.vPortEnterCritical  port.o
    0x08008624   0x08008624   0x00000028   Code   RO         6693    i.vPortExitCritical  port.o
    0x0800864c   0x0800864c   0x00000064   Code   RO         6636    i.vPortFree         heap_4.o
    0x080086b0   0x080086b0   0x00000024   Code   RO         6694    i.vPortSetupTimerInterrupt  port.o
    0x080086d4   0x080086d4   0x00000054   Code   RO         6695    i.vPortValidateInterruptPriority  port.o
    0x08008728   0x08008728   0x00000028   Code   RO         5168    i.vQueueAddToRegistry  queue.o
    0x08008750   0x08008750   0x00000044   Code   RO         5172    i.vQueueWaitForMessageRestricted  queue.o
    0x08008794   0x08008794   0x0000004c   Code   RO         5580    i.vTaskDelay        tasks.o
    0x080087e0   0x080087e0   0x0000008c   Code   RO         5581    i.vTaskDelayUntil   tasks.o
    0x0800886c   0x0800886c   0x00000010   Code   RO         5586    i.vTaskInternalSetTimeOutState  tasks.o
    0x0800887c   0x0800887c   0x0000000c   Code   RO         5588    i.vTaskMissedYield  tasks.o
    0x08008888   0x08008888   0x00000030   Code   RO         5590    i.vTaskPlaceOnEventList  tasks.o
    0x080088b8   0x080088b8   0x00000038   Code   RO         5591    i.vTaskPlaceOnEventListRestricted  tasks.o
    0x080088f0   0x080088f0   0x00000090   Code   RO         5599    i.vTaskStartScheduler  tasks.o
    0x08008980   0x08008980   0x00000010   Code   RO         5601    i.vTaskSuspendAll   tasks.o
    0x08008990   0x08008990   0x00000080   Code   RO         5602    i.vTaskSwitchContext  tasks.o
    0x08008a10   0x08008a10   0x000000f4   Code   RO         6696    i.xPortStartScheduler  port.o
    0x08008b04   0x08008b04   0x0000002c   Code   RO         6697    i.xPortSysTickHandler  port.o
    0x08008b30   0x08008b30   0x00000066   Code   RO         5178    i.xQueueGenericCreateStatic  queue.o
    0x08008b96   0x08008b96   0x00000002   PAD
    0x08008b98   0x08008b98   0x00000088   Code   RO         5179    i.xQueueGenericReset  queue.o
    0x08008c20   0x08008c20   0x00000160   Code   RO         5180    i.xQueueGenericSend  queue.o
    0x08008d80   0x08008d80   0x000000be   Code   RO         5181    i.xQueueGenericSendFromISR  queue.o
    0x08008e3e   0x08008e3e   0x00000002   PAD
    0x08008e40   0x08008e40   0x00000138   Code   RO         5190    i.xQueueReceive     queue.o
    0x08008f78   0x08008f78   0x00000074   Code   RO         5604    i.xTaskCheckForTimeOut  tasks.o
    0x08008fec   0x08008fec   0x0000005a   Code   RO         5605    i.xTaskCreate       tasks.o
    0x08009046   0x08009046   0x00000056   Code   RO         5606    i.xTaskCreateStatic  tasks.o
    0x0800909c   0x0800909c   0x0000001c   Code   RO         5610    i.xTaskGetSchedulerState  tasks.o
    0x080090b8   0x080090b8   0x0000000c   Code   RO         5611    i.xTaskGetTickCount  tasks.o
    0x080090c4   0x080090c4   0x000000c8   Code   RO         5613    i.xTaskIncrementTick  tasks.o
    0x0800918c   0x0800918c   0x00000080   Code   RO         5616    i.xTaskPriorityDisinherit  tasks.o
    0x0800920c   0x0800920c   0x00000070   Code   RO         5618    i.xTaskRemoveFromEventList  tasks.o
    0x0800927c   0x0800927c   0x000000c4   Code   RO         5619    i.xTaskResumeAll    tasks.o
    0x08009340   0x08009340   0x00000060   Code   RO         5962    i.xTimerCreateTimerTask  timers.o
    0x080093a0   0x080093a0   0x00000068   Code   RO         5963    i.xTimerGenericCommand  timers.o
    0x08009408   0x08009408   0x00000062   Code   RO         7531    x$fpl$d2f           fz_wm.l(d2f.o)
    0x0800946a   0x0800946a   0x00000002   PAD
    0x0800946c   0x0800946c   0x00000150   Code   RO         7533    x$fpl$dadd          fz_wm.l(daddsub_clz.o)
    0x080095bc   0x080095bc   0x000002b0   Code   RO         7540    x$fpl$ddiv          fz_wm.l(ddiv.o)
    0x0800986c   0x0800986c   0x00000154   Code   RO         7547    x$fpl$dmul          fz_wm.l(dmul.o)
    0x080099c0   0x080099c0   0x0000009c   Code   RO         7575    x$fpl$dnaninf       fz_wm.l(dnaninf.o)
    0x08009a5c   0x08009a5c   0x0000000c   Code   RO         7577    x$fpl$dretinf       fz_wm.l(dretinf.o)
    0x08009a68   0x08009a68   0x000001d4   Code   RO         7535    x$fpl$dsub          fz_wm.l(daddsub_clz.o)
    0x08009c3c   0x08009c3c   0x00000056   Code   RO         7549    x$fpl$f2d           fz_wm.l(f2d.o)
    0x08009c92   0x08009c92   0x00000060   Code   RO         7555    x$fpl$ffltll        fz_wm.l(ffltll_clz.o)
    0x08009cf2   0x08009cf2   0x0000008c   Code   RO         7579    x$fpl$fnaninf       fz_wm.l(fnaninf.o)
    0x08009d7e   0x08009d7e   0x0000000a   Code   RO         7688    x$fpl$fpinit        fz_wm.l(fpinit.o)
    0x08009d88   0x08009d88   0x0000000a   Code   RO         7581    x$fpl$fretinf       fz_wm.l(fretinf.o)
    0x08009d92   0x08009d92   0x00000002   PAD
    0x08009d94   0x08009d94   0x000000c2   Code   RO         7543    x$fpl$llsfromd      fz_wm.l(dfixll.o)
    0x08009e56   0x08009e56   0x00000002   PAD
    0x08009e58   0x08009e58   0x00000086   Code   RO         7551    x$fpl$llsfromf      fz_wm.l(ffixll.o)
    0x08009ede   0x08009ede   0x00000000   Code   RO         7583    x$fpl$usenofp       fz_wm.l(usenofp.o)
    0x08009ede   0x08009ede   0x00000002   PAD
    0x08009ee0   0x08009ee0   0x00000024   Data   RO          266    .constdata          app_freertos.o
    0x08009f04   0x08009f04   0x00000010   Data   RO         3981    .constdata          stm32g4xx_hal_fdcan.o
    0x08009f14   0x08009f14   0x00000018   Data   RO         4482    .constdata          stm32g4xx_hal_uart.o
    0x08009f2c   0x08009f2c   0x00000010   Data   RO         4848    .constdata          stm32g4xx_hal_uart_ex.o
    0x08009f3c   0x08009f3c   0x00000010   Data   RO         4953    .constdata          system_stm32g4xx.o
    0x08009f4c   0x08009f4c   0x00000008   Data   RO         4954    .constdata          system_stm32g4xx.o
    0x08009f54   0x08009f54   0x00000006   Data   RO         6781    .constdata          current_task.o
    0x08009f5a   0x08009f5a   0x00000002   PAD
    0x08009f5c   0x08009f5c   0x00000028   Data   RO         7141    .constdata          motor_parameter.o
    0x08009f84   0x08009f84   0x00000028   Data   RO         7142    .constdata          motor_parameter.o
    0x08009fac   0x08009fac   0x00000028   Data   RO         7143    .constdata          motor_parameter.o
    0x08009fd4   0x08009fd4   0x0000000c   Data   RO          267    .conststring        app_freertos.o
    0x08009fe0   0x08009fe0   0x00000804   Data   RO         7469    .rodata.sinTable_f32  arm_cortexM4lf_math.lib(arm_common_tables.o)
    0x0800a7e4   0x0800a7e4   0x00000020   Data   RO         7746    Region$$Table       anon$$obj.o


    Execution Region RW_IRAM1 (Exec base: 0x20000000, Load base: 0x0800a804, Size: 0x00002a80, Max: 0x00008000, ABSOLUTE, COMPRESSED[0x000000e8])

    Exec Addr    Load Addr    Size         Type   Attr      Idx    E Section Name        Object

    0x20000000   COMPRESSED   0x00000004   Data   RW           17    .data               main.o
    0x20000004   COMPRESSED   0x00000024   Data   RW          268    .data               app_freertos.o
    0x20000028   COMPRESSED   0x00000010   Data   RW          269    .data               app_freertos.o
    0x20000038   COMPRESSED   0x00000004   Data   RW          358    .data               adc.o
    0x2000003c   COMPRESSED   0x0000000c   Data   RW         2453    .data               stm32g4xx_hal.o
    0x20000048   COMPRESSED   0x00000004   Data   RW         4955    .data               system_stm32g4xx.o
    0x2000004c   COMPRESSED   0x00000044   Data   RW         5622    .data               tasks.o
    0x20000090   COMPRESSED   0x00000014   Data   RW         5971    .data               timers.o
    0x200000a4   COMPRESSED   0x00000004   Data   RW         6196    .data               cmsis_os2.o
    0x200000a8   COMPRESSED   0x00000020   Data   RW         6642    .data               heap_4.o
    0x200000c8   COMPRESSED   0x0000000c   Data   RW         6698    .data               port.o
    0x200000d4   COMPRESSED   0x00000004   PAD
    0x200000d8   COMPRESSED   0x000000f0   Data   RW         6782    .data               current_task.o
    0x200001c8   COMPRESSED   0x0000013c   Data   RW         6919    .data               observer.o
    0x20000304   COMPRESSED   0x00000008   Data   RW         7009    .data               button_led.o
    0x2000030c   COMPRESSED   0x00000154   Data   RW         7065    .data               speed_ctrl.o
    0x20000460   COMPRESSED   0x00000038   Data   RW         7144    .data               motor_parameter.o
    0x20000498   COMPRESSED   0x00000018   Data   RW         7230    .data               can.o
    0x200004b0        -       0x000000d8   Zero   RW          357    .bss                adc.o
    0x20000588        -       0x00000064   Zero   RW          429    .bss                fdcan.o
    0x200005ec        -       0x000000b4   Zero   RW          473    .bss                opamp.o
    0x200006a0        -       0x000000e4   Zero   RW          530    .bss                tim.o
    0x20000784        -       0x00000154   Zero   RW          597    .bss                usart.o
    0x200008d8        -       0x0000004c   Zero   RW          787    .bss                stm32g4xx_hal_timebase_tim.o
    0x20000924        -       0x00000040   Zero   RW         5194    .bss                queue.o
    0x20000964        -       0x000004c4   Zero   RW         5621    .bss                tasks.o
    0x20000e28        -       0x00000118   Zero   RW         5970    .bss                timers.o
    0x20000f40        -       0x000006c0   Zero   RW         6195    .bss                cmsis_os2.o
    0x20001600        -       0x00000c00   Zero   RW         6641    .bss                heap_4.o
    0x20002200        -       0x0000001c   Zero   RW         6780    .bss                current_task.o
    0x2000221c        -       0x0000017c   Zero   RW         6917    .bss                observer.o
    0x20002398        -       0x00000084   Zero   RW         7229    .bss                can.o
    0x2000241c        -       0x00000060   Zero   RW         7618    .bss                c_w.l(libspace.o)
    0x2000247c   COMPRESSED   0x00000004   PAD
    0x20002480        -       0x00000200   Zero   RW            2    HEAP                startup_stm32g431xx.o
    0x20002680        -       0x00000400   Zero   RW            1    STACK               startup_stm32g431xx.o


==============================================================================

Image component sizes


      Code (inc. data)   RO Data    RW Data    ZI Data      Debug   Object Name

       672         50          0          4        216       2938   adc.o
       440         90         48         52          0      26700   app_freertos.o
       108         18          0          8          0        968   button_led.o
       376         40          0         24        132       3348   can.o
       880         18          0          0          0       6162   can_dbc_messages.o
       326         22          0          4       1728      65347   cmsis_os2.o
      2540        278          6        240         28      33832   current_task.o
        76          4          0          0          0        850   dma.o
         0          0          0          0          0      19420   event_groups.o
       292         18          0          0        100       1911   fdcan.o
       164         12          0          0          0       1003   gpio.o
       604         12          0          0          0       7012   hal_math.o
       472         24          0         32       3072       4951   heap_4.o
       138          0          0          0          0       3626   list.o
       260         20          0          4          0     717279   main.o
         0          0        120         56          0        793   motor_parameter.o
      1330        190          0        316        380      25982   observer.o
       304         44          0          0        180       3033   opamp.o
       786         82          0         12          0      11681   port.o
      1514         20          0          0         64      17640   queue.o
      1164        172          0        340          0      10368   speed_ctrl.o
        64         26        472          0       1536        860   startup_stm32g431xx.o
        94         14          0         12          0       3726   stm32g4xx_hal.o
      3066        144          0          0          0      83575   stm32g4xx_hal_adc.o
      2092         88          0          0          0      79141   stm32g4xx_hal_adc_ex.o
       158         14          0          0          0      33110   stm32g4xx_hal_cortex.o
       906         30          0          0          0       6702   stm32g4xx_hal_dma.o
      1738         30         16          0          0      17557   stm32g4xx_hal_fdcan.o
       608         40          0          0          0       2359   stm32g4xx_hal_gpio.o
        60          6          0          0          0        902   stm32g4xx_hal_msp.o
       288          8          0          0          0       2507   stm32g4xx_hal_opamp.o
       204         18          0          0          0       1433   stm32g4xx_hal_pwr_ex.o
      1748         98          0          0          0       7033   stm32g4xx_hal_rcc.o
       648         10          0          0          0       1916   stm32g4xx_hal_rcc_ex.o
      3270        308          0          0          0      22825   stm32g4xx_hal_tim.o
       640         58          0          0          0       8745   stm32g4xx_hal_tim_ex.o
       136         20          0          0         76       1468   stm32g4xx_hal_timebase_tim.o
      2504         98         24          0          0      33690   stm32g4xx_hal_uart.o
       288          6         16          0          0       5498   stm32g4xx_hal_uart_ex.o
       246         64          0          0          0       8586   stm32g4xx_it.o
         0          0          0          0          0        384   stream_buffer.o
       404         34          0          0          0       2334   svpwm.o
        16          4         24          4          0       1175   system_stm32g4xx.o
      2262        184          0         68       1220      28666   tasks.o
       824         64          0          0        228       4714   tim.o
       972         80          0         20        280      32279   timers.o
       348         32          0          0        340       2040   usart.o

    ----------------------------------------------------------------------
     36096       2592        760       1200       9580    1358069   Object Totals
         0          0         32          0          0          0   (incl. Generated)
        66          0          2          4          0          0   (incl. Padding)

    ----------------------------------------------------------------------

      Code (inc. data)   RO Data    RW Data    ZI Data      Debug   Library Member Name

         0          0       2052          0          0       6294   arm_common_tables.o
       152         12          0          0          0       1104   arm_cos_f32.o
       144         12          0          0          0       1092   arm_sin_f32.o
       100          0          0          0          0          0   __dclz77c.o
         8          0          0          0          0         68   __main.o
         0          0          0          0          0          0   __rtentry.o
        12          0          0          0          0          0   __rtentry2.o
         6          0          0          0          0          0   __rtentry4.o
        52          8          0          0          0          0   __scatter.o
        28          0          0          0          0          0   __scatter_zi.o
        16          0          0          0          0         68   aeabi_memset.o
        18          0          0          0          0         80   exit.o
         6          0          0          0          0        152   heapauxi.o
         0          0          0          0          0          0   indicate_semi.o
         2          0          0          0          0          0   libinit.o
         6          0          0          0          0          0   libinit2.o
         2          0          0          0          0          0   libshutdown.o
         2          0          0          0          0          0   libshutdown2.o
         8          4          0          0         96         68   libspace.o
        38          0          0          0          0         68   llshl.o
       238          0          0          0          0        100   lludivv7m.o
        68          0          0          0          0         68   rt_memclr.o
        78          0          0          0          0         80   rt_memclr_w.o
       138          0          0          0          0         68   rt_memcpy_v6.o
       100          0          0          0          0         80   rt_memcpy_w.o
         2          0          0          0          0          0   rtexit.o
        10          0          0          0          0          0   rtexit2.o
        12          4          0          0          0         68   sys_exit.o
        74          0          0          0          0         80   sys_stackheap_outer.o
         2          0          0          0          0         68   use_no_semi.o
        98          4          0          0          0        140   d2f.o
       804         16          0          0          0        368   daddsub_clz.o
       688        140          0          0          0        256   ddiv.o
       194          4          0          0          0        164   dfixll.o
       340         12          0          0          0        152   dmul.o
       156          4          0          0          0        140   dnaninf.o
        12          0          0          0          0        116   dretinf.o
        86          4          0          0          0        132   f2d.o
       134          4          0          0          0        132   ffixll.o
        96          0          0          0          0        132   ffltll_clz.o
       140          4          0          0          0        132   fnaninf.o
        10          0          0          0          0        116   fpinit.o
        10          0          0          0          0        116   fretinf.o
         0          0          0          0          0          0   usenofp.o

    ----------------------------------------------------------------------
      4104        232       2052          0        100      11702   Library Totals
        14          0          0          0          4          0   (incl. Padding)

    ----------------------------------------------------------------------

      Code (inc. data)   RO Data    RW Data    ZI Data      Debug   Library Name

       296         24       2052          0          0       8490   arm_cortexM4lf_math.lib
      1026         16          0          0         96       1116   c_w.l
      2768        192          0          0          0       2096   fz_wm.l

    ----------------------------------------------------------------------
      4104        232       2052          0        100      11702   Library Totals

    ----------------------------------------------------------------------

==============================================================================


      Code (inc. data)   RO Data    RW Data    ZI Data      Debug   

     40200       2824       2812       1200       9680    1338435   Grand Totals
     40200       2824       2812        232       9680    1338435   ELF Image Totals (compressed)
     40200       2824       2812        232          0          0   ROM Totals

==============================================================================

    Total RO  Size (Code + RO Data)                43012 (  42.00kB)
    Total RW  Size (RW Data + ZI Data)             10880 (  10.63kB)
    Total ROM Size (Code + RO Data + RW Data)      43244 (  42.23kB)

==============================================================================

